global.c:17:6:setTrafficRed	8	static
global.c:22:6:setTrafficGreen	8	static
global.c:27:6:setTrafficYellow	8	static
global.c:33:6:setTrafficRed1	8	static
global.c:39:6:setTrafficGreen1	8	static
global.c:44:6:setTrafficYellow1	8	static
global.c:50:6:setPedLightRed	8	static
global.c:55:6:setPedLightYellow	8	static
global.c:60:6:setPedLightGreen	8	static
global.c:65:6:setPedLightOff	8	static
global.c:71:6:toggleTrafficRed	8	static
global.c:76:6:toggleTrafficYellow	8	static
global.c:83:6:toggleTrafficGreen	8	static
global.c:90:6:setLedBuffer	16	static
global.c:98:6:updateLedBuffer	4	static
global.c:121:6:resetInitialState	8	static
