Archive member included to satisfy reference by file (symbol)

c:/st/stm32cubeide_1.7.0/stm32cubeide/plugins/com.st.stm32cube.ide.mcu.externaltools.gnu-tools-for-stm32.9-2020-q2-update.win32_2.0.0.202105311346/tools/bin/../lib/gcc/arm-none-eabi/9.3.1/../../../../arm-none-eabi/lib/thumb/v7-m/nofp\libc_nano.a(lib_a-errno.o)
                              ./Core/Src/syscalls.o (__errno)
c:/st/stm32cubeide_1.7.0/stm32cubeide/plugins/com.st.stm32cube.ide.mcu.externaltools.gnu-tools-for-stm32.9-2020-q2-update.win32_2.0.0.202105311346/tools/bin/../lib/gcc/arm-none-eabi/9.3.1/../../../../arm-none-eabi/lib/thumb/v7-m/nofp\libc_nano.a(lib_a-exit.o)
                              c:/st/stm32cubeide_1.7.0/stm32cubeide/plugins/com.st.stm32cube.ide.mcu.externaltools.gnu-tools-for-stm32.9-2020-q2-update.win32_2.0.0.202105311346/tools/bin/../lib/gcc/arm-none-eabi/9.3.1/../../../../arm-none-eabi/lib/thumb/v7-m/nofp/crt0.o (exit)
c:/st/stm32cubeide_1.7.0/stm32cubeide/plugins/com.st.stm32cube.ide.mcu.externaltools.gnu-tools-for-stm32.9-2020-q2-update.win32_2.0.0.202105311346/tools/bin/../lib/gcc/arm-none-eabi/9.3.1/../../../../arm-none-eabi/lib/thumb/v7-m/nofp\libc_nano.a(lib_a-impure.o)
                              c:/st/stm32cubeide_1.7.0/stm32cubeide/plugins/com.st.stm32cube.ide.mcu.externaltools.gnu-tools-for-stm32.9-2020-q2-update.win32_2.0.0.202105311346/tools/bin/../lib/gcc/arm-none-eabi/9.3.1/../../../../arm-none-eabi/lib/thumb/v7-m/nofp\libc_nano.a(lib_a-exit.o) (_global_impure_ptr)
c:/st/stm32cubeide_1.7.0/stm32cubeide/plugins/com.st.stm32cube.ide.mcu.externaltools.gnu-tools-for-stm32.9-2020-q2-update.win32_2.0.0.202105311346/tools/bin/../lib/gcc/arm-none-eabi/9.3.1/../../../../arm-none-eabi/lib/thumb/v7-m/nofp\libc_nano.a(lib_a-init.o)
                              c:/st/stm32cubeide_1.7.0/stm32cubeide/plugins/com.st.stm32cube.ide.mcu.externaltools.gnu-tools-for-stm32.9-2020-q2-update.win32_2.0.0.202105311346/tools/bin/../lib/gcc/arm-none-eabi/9.3.1/../../../../arm-none-eabi/lib/thumb/v7-m/nofp/crt0.o (__libc_init_array)
c:/st/stm32cubeide_1.7.0/stm32cubeide/plugins/com.st.stm32cube.ide.mcu.externaltools.gnu-tools-for-stm32.9-2020-q2-update.win32_2.0.0.202105311346/tools/bin/../lib/gcc/arm-none-eabi/9.3.1/../../../../arm-none-eabi/lib/thumb/v7-m/nofp\libc_nano.a(lib_a-malloc.o)
                              ./Core/Src/scheduler.o (malloc)
c:/st/stm32cubeide_1.7.0/stm32cubeide/plugins/com.st.stm32cube.ide.mcu.externaltools.gnu-tools-for-stm32.9-2020-q2-update.win32_2.0.0.202105311346/tools/bin/../lib/gcc/arm-none-eabi/9.3.1/../../../../arm-none-eabi/lib/thumb/v7-m/nofp\libc_nano.a(lib_a-memset.o)
                              c:/st/stm32cubeide_1.7.0/stm32cubeide/plugins/com.st.stm32cube.ide.mcu.externaltools.gnu-tools-for-stm32.9-2020-q2-update.win32_2.0.0.202105311346/tools/bin/../lib/gcc/arm-none-eabi/9.3.1/../../../../arm-none-eabi/lib/thumb/v7-m/nofp/crt0.o (memset)
c:/st/stm32cubeide_1.7.0/stm32cubeide/plugins/com.st.stm32cube.ide.mcu.externaltools.gnu-tools-for-stm32.9-2020-q2-update.win32_2.0.0.202105311346/tools/bin/../lib/gcc/arm-none-eabi/9.3.1/../../../../arm-none-eabi/lib/thumb/v7-m/nofp\libc_nano.a(lib_a-nano-freer.o)
                              c:/st/stm32cubeide_1.7.0/stm32cubeide/plugins/com.st.stm32cube.ide.mcu.externaltools.gnu-tools-for-stm32.9-2020-q2-update.win32_2.0.0.202105311346/tools/bin/../lib/gcc/arm-none-eabi/9.3.1/../../../../arm-none-eabi/lib/thumb/v7-m/nofp\libc_nano.a(lib_a-malloc.o) (_free_r)
c:/st/stm32cubeide_1.7.0/stm32cubeide/plugins/com.st.stm32cube.ide.mcu.externaltools.gnu-tools-for-stm32.9-2020-q2-update.win32_2.0.0.202105311346/tools/bin/../lib/gcc/arm-none-eabi/9.3.1/../../../../arm-none-eabi/lib/thumb/v7-m/nofp\libc_nano.a(lib_a-nano-mallocr.o)
                              c:/st/stm32cubeide_1.7.0/stm32cubeide/plugins/com.st.stm32cube.ide.mcu.externaltools.gnu-tools-for-stm32.9-2020-q2-update.win32_2.0.0.202105311346/tools/bin/../lib/gcc/arm-none-eabi/9.3.1/../../../../arm-none-eabi/lib/thumb/v7-m/nofp\libc_nano.a(lib_a-malloc.o) (_malloc_r)
c:/st/stm32cubeide_1.7.0/stm32cubeide/plugins/com.st.stm32cube.ide.mcu.externaltools.gnu-tools-for-stm32.9-2020-q2-update.win32_2.0.0.202105311346/tools/bin/../lib/gcc/arm-none-eabi/9.3.1/../../../../arm-none-eabi/lib/thumb/v7-m/nofp\libc_nano.a(lib_a-sbrkr.o)
                              c:/st/stm32cubeide_1.7.0/stm32cubeide/plugins/com.st.stm32cube.ide.mcu.externaltools.gnu-tools-for-stm32.9-2020-q2-update.win32_2.0.0.202105311346/tools/bin/../lib/gcc/arm-none-eabi/9.3.1/../../../../arm-none-eabi/lib/thumb/v7-m/nofp\libc_nano.a(lib_a-nano-mallocr.o) (_sbrk_r)
c:/st/stm32cubeide_1.7.0/stm32cubeide/plugins/com.st.stm32cube.ide.mcu.externaltools.gnu-tools-for-stm32.9-2020-q2-update.win32_2.0.0.202105311346/tools/bin/../lib/gcc/arm-none-eabi/9.3.1/../../../../arm-none-eabi/lib/thumb/v7-m/nofp\libc_nano.a(lib_a-sprintf.o)
                              ./Core/Src/UART.o (sprintf)
[...]
Memory Configuration

Name             Origin             Length             Attributes
RAM              0x0000000020000000 0x0000000000002800 xrw
FLASH            0x0000000008000000 0x0000000000008000 xr
*default*        0x0000000000000000 0xffffffffffffffff

Linker script and memory map

LOAD c:/st/stm32cubeide_1.7.0/stm32cubeide/plugins/com.st.stm32cube.ide.mcu.externaltools.gnu-tools-for-stm32.9-2020-q2-update.win32_2.0.0.202105311346/tools/bin/../lib/gcc/arm-none-eabi/9.3.1/thumb/v7-m/nofp/crti.o
LOAD c:/st/stm32cubeide_1.7.0/stm32cubeide/plugins/com.st.stm32cube.ide.mcu.externaltools.gnu-tools-for-stm32.9-2020-q2-update.win32_2.0.0.202105311346/tools/bin/../lib/gcc/arm-none-eabi/9.3.1/thumb/v7-m/nofp/crtbegin.o
LOAD c:/st/stm32cubeide_1.7.0/stm32cubeide/plugins/com.st.stm32cube.ide.mcu.externaltools.gnu-tools-for-stm32.9-2020-q2-update.win32_2.0.0.202105311346/tools/bin/../lib/gcc/arm-none-eabi/9.3.1/../../../../arm-none-eabi/lib/thumb/v7-m/nofp/crt0.o
LOAD ./Core/Src/FSMLightModification.o
LOAD ./Core/Src/FSMModificationMode.o
LOAD ./Core/Src/FSMNormalMode.o
LOAD ./Core/Src/FSMPedestrianMode.o
LOAD ./Core/Src/UART.o
LOAD ./Core/Src/button.o
LOAD ./Core/Src/buzzer.o
LOAD ./Core/Src/global.o
LOAD ./Core/Src/main.o
LOAD ./Core/Src/scheduler.o
LOAD ./Core/Src/softwareTimer.o
LOAD ./Core/Src/stm32f1xx_hal_msp.o
LOAD ./Core/Src/stm32f1xx_it.o
LOAD ./Core/Src/syscalls.o
LOAD ./Core/Src/sysmem.o
LOAD ./Core/Src/system_stm32f1xx.o
LOAD ./Core/Startup/startup_stm32f103c6ux.o
LOAD ./Drivers/STM32F1xx_HAL_Driver/Src/stm32f1xx_hal.o
LOAD ./Drivers/STM32F1xx_HAL_Driver/Src/stm32f1xx_hal_cortex.o
LOAD ./Drivers/STM32F1xx_HAL_Driver/Src/stm32f1xx_hal_dma.o
LOAD ./Drivers/STM32F1xx_HAL_Driver/Src/stm32f1xx_hal_exti.o
LOAD ./Drivers/STM32F1xx_HAL_Driver/Src/stm32f1xx_hal_flash.o
LOAD ./Drivers/STM32F1xx_HAL_Driver/Src/stm32f1xx_hal_flash_ex.o
LOAD ./Drivers/STM32F1xx_HAL_Driver/Src/stm32f1xx_hal_gpio.o
LOAD ./Drivers/STM32F1xx_HAL_Driver/Src/stm32f1xx_hal_gpio_ex.o
LOAD ./Drivers/STM32F1xx_HAL_Driver/Src/stm32f1xx_hal_pwr.o
LOAD ./Drivers/STM32F1xx_HAL_Driver/Src/stm32f1xx_hal_rcc.o
LOAD ./Drivers/STM32F1xx_HAL_Driver/Src/stm32f1xx_hal_rcc_ex.o
LOAD ./Drivers/STM32F1xx_HAL_Driver/Src/stm32f1xx_hal_tim.o
LOAD ./Drivers/STM32F1xx_HAL_Driver/Src/stm32f1xx_hal_tim_ex.o
LOAD ./Drivers/STM32F1xx_HAL_Driver/Src/stm32f1xx_hal_uart.o
START GROUP
LOAD c:/st/stm32cubeide_1.7.0/stm32cubeide/plugins/com.st.stm32cube.ide.mcu.externaltools.gnu-tools-for-stm32.9-2020-q2-update.win32_2.0.0.202105311346/tools/bin/../lib/gcc/arm-none-eabi/9.3.1/../../../../arm-none-eabi/lib/thumb/v7-m/nofp\libc_nano.a
LOAD c:/st/stm32cubeide_1.7.0/stm32cubeide/plugins/com.st.stm32cube.ide.mcu.externaltools.gnu-tools-for-stm32.9-2020-q2-update.win32_2.0.0.202105311346/tools/bin/../lib/gcc/arm-none-eabi/9.3.1/../../../../arm-none-eabi/lib/thumb/v7-m/nofp\libm.a
END GROUP
START GROUP
LOAD c:/st/stm32cubeide_1.7.0/stm32cubeide/plugins/com.st.stm32cube.ide.mcu.externaltools.gnu-tools-for-stm32.9-2020-q2-update.win32_2.0.0.202105311346/tools/bin/../lib/gcc/arm-none-eabi/9.3.1/thumb/v7-m/nofp\libgcc.a
LOAD c:/st/stm32cubeide_1.7.0/stm32cubeide/plugins/com.st.stm32cube.ide.mcu.externaltools.gnu-tools-for-stm32.9-2020-q2-update.win32_2.0.0.202105311346/tools/bin/../lib/gcc/arm-none-eabi/9.3.1/../../../../arm-none-eabi/lib/thumb/v7-m/nofp\libc_nano.a
END GROUP
START GROUP
LOAD c:/st/stm32cubeide_1.7.0/stm32cubeide/plugins/com.st.stm32cube.ide.mcu.externaltools.gnu-tools-for-stm32.9-2020-q2-update.win32_2.0.0.202105311346/tools/bin/../lib/gcc/arm-none-eabi/9.3.1/thumb/v7-m/nofp\libgcc.a
LOAD c:/st/stm32cubeide_1.7.0/stm32cubeide/plugins/com.st.stm32cube.ide.mcu.externaltools.gnu-tools-for-stm32.9-2020-q2-update.win32_2.0.0.202105311346/tools/bin/../lib/gcc/arm-none-eabi/9.3.1/../../../../arm-none-eabi/lib/thumb/v7-m/nofp\libc_nano.a
LOAD c:/st/stm32cubeide_1.7.0/stm32cubeide/plugins/com.st.stm32cube.ide.mcu.externaltools.gnu-tools-for-stm32.9-2020-q2-update.win32_2.0.0.202105311346/tools/bin/../lib/gcc/arm-none-eabi/9.3.1/../../../../arm-none-eabi/lib/thumb/v7-m/nofp\libnosys.a
END GROUP
START GROUP
LOAD c:/st/stm32cubeide_1.7.0/stm32cubeide/plugins/com.st.stm32cube.ide.mcu.externaltools.gnu-tools-for-stm32.9-2020-q2-update.win32_2.0.0.202105311346/tools/bin/../lib/gcc/arm-none-eabi/9.3.1/thumb/v7-m/nofp\libgcc.a
LOAD c:/st/stm32cubeide_1.7.0/stm32cubeide/plugins/com.st.stm32cube.ide.mcu.externaltools.gnu-tools-for-stm32.9-2020-q2-update.win32_2.0.0.202105311346/tools/bin/../lib/gcc/arm-none-eabi/9.3.1/../../../../arm-none-eabi/lib/thumb/v7-m/nofp\libc_nano.a
LOAD c:/st/stm32cubeide_1.7.0/stm32cubeide/plugins/com.st.stm32cube.ide.mcu.externaltools.gnu-tools-for-stm32.9-2020-q2-update.win32_2.0.0.202105311346/tools/bin/../lib/gcc/arm-none-eabi/9.3.1/../../../../arm-none-eabi/lib/thumb/v7-m/nofp\libnosys.a
END GROUP
LOAD c:/st/stm32cubeide_1.7.0/stm32cubeide/plugins/com.st.stm32cube.ide.mcu.externaltools.gnu-tools-for-stm32.9-2020-q2-update.win32_2.0.0.202105311346/tools/bin/../lib/gcc/arm-none-eabi/9.3.1/thumb/v7-m/nofp/crtend.o
LOAD c:/st/stm32cubeide_1.7.0/stm32cubeide/plugins/com.st.stm32cube.ide.mcu.externaltools.gnu-tools-for-stm32.9-2020-q2-update.win32_2.0.0.202105311346/tools/bin/../lib/gcc/arm-none-eabi/9.3.1/thumb/v7-m/nofp/crtn.o
                0x0000000020002800                _estack = (ORIGIN (RAM) + LENGTH (RAM))
                0x0000000000000200                _Min_Heap_Size = 0x200
                0x0000000000000400                _Min_Stack_Size = 0x400

.isr_vector     0x0000000008000000      0x10c
                0x0000000008000000                . = ALIGN (0x4)
 *(.isr_vector)
 .isr_vector    0x0000000008000000      0x10c ./Core/Startup/startup_stm32f103c6ux.o
                0x0000000008000000                g_pfnVectors
                0x000000000800010c                . = ALIGN (0x4)

.text           0x000000000800010c     0x4bac
                0x000000000800010c                . = ALIGN (0x4)
 *(.text)
 .text          0x000000000800010c       0x40 c:/st/stm32cubeide_1.7.0/stm32cubeide/plugins/com.st.stm32cube.ide.mcu.externaltools.gnu-tools-for-stm32.9-2020-q2-update.win32_2.0.0.202105311346/tools/bin/../lib/gcc/arm-none-eabi/9.3.1/thumb/v7-m/nofp/crtbegin.o
 *(.text*)
 .text.FSMLightModification
                0x000000000800014c      0x1bc ./Core/Src/FSMLightModification.o
                0x000000000800014c                FSMLightModification
 .text.FSMModificationModeRun
                0x0000000008000308      0x20c ./Core/Src/FSMModificationMode.o
                0x0000000008000308                FSMModificationModeRun
 .text.FSMNormalModeRun
                0x0000000008000514      0x38c ./Core/Src/FSMNormalMode.o
                0x0000000008000514                FSMNormalModeRun
 .text.SetPedDuration
                0x00000000080008a0       0x34 ./Core/Src/FSMPedestrianMode.o
                0x00000000080008a0                SetPedDuration
 .text.PedDurationCount
                0x00000000080008d4       0x24 ./Core/Src/FSMPedestrianMode.o
                0x00000000080008d4                PedDurationCount
 .text.FSMPedestrianRun
                0x00000000080008f8       0xc4 ./Core/Src/FSMPedestrianMode.o
                0x00000000080008f8                FSMPedestrianRun
 .text.uart_Init
                0x00000000080009bc        0xc ./Core/Src/UART.o
                0x00000000080009bc                uart_Init
 .text.UARTSendMode
                0x00000000080009c8       0x3c ./Core/Src/UART.o
                0x00000000080009c8                UARTSendMode
 .text.UARTCountdownTrafficTime
                0x0000000008000a04       0x40 ./Core/Src/UART.o
                0x0000000008000a04                UARTCountdownTrafficTime
 .text.UARTSendBufferRed
                0x0000000008000a44       0x3c ./Core/Src/UART.o
                0x0000000008000a44                UARTSendBufferRed
 .text.UARTSendBufferGreen
                0x0000000008000a80       0x3c ./Core/Src/UART.o
                0x0000000008000a80                UARTSendBufferGreen
 .text.UARTSendBufferYellow
                0x0000000008000abc       0x3c ./Core/Src/UART.o
                0x0000000008000abc                UARTSendBufferYellow
 .text.isButton1Pressed
                0x0000000008000af8       0x24 ./Core/Src/button.o
                0x0000000008000af8                isButton1Pressed
 .text.flag1Process
                0x0000000008000b1c       0x18 ./Core/Src/button.o
                0x0000000008000b1c                flag1Process
 .text.isButton2Pressed
                0x0000000008000b34       0x24 ./Core/Src/button.o
                0x0000000008000b34                isButton2Pressed
 .text.flag2Process
                0x0000000008000b58       0x18 ./Core/Src/button.o
                0x0000000008000b58                flag2Process
 .text.isButton3Pressed
                0x0000000008000b70       0x24 ./Core/Src/button.o
                0x0000000008000b70                isButton3Pressed
 .text.flag3Process
                0x0000000008000b94       0x18 ./Core/Src/button.o
                0x0000000008000b94                flag3Process
 .text.isButton4Pressed
                0x0000000008000bac       0x24 ./Core/Src/button.o
                0x0000000008000bac                isButton4Pressed
 .text.flag4Process
                0x0000000008000bd0       0x18 ./Core/Src/button.o
                0x0000000008000bd0                flag4Process
 .text.getKeyInput
                0x0000000008000be8      0x234 ./Core/Src/button.o
                0x0000000008000be8                getKeyInput
 .text.setTrafficRed
                0x0000000008000e1c       0x28 ./Core/Src/global.o
                0x0000000008000e1c                setTrafficRed
 .text.setTrafficGreen
                0x0000000008000e44       0x28 ./Core/Src/global.o
                0x0000000008000e44                setTrafficGreen
 .text.setTrafficYellow
                0x0000000008000e6c       0x28 ./Core/Src/global.o
                0x0000000008000e6c                setTrafficYellow
 .text.setTrafficRed1
                0x0000000008000e94       0x20 ./Core/Src/global.o
                0x0000000008000e94                setTrafficRed1
 .text.setTrafficGreen1
                0x0000000008000eb4       0x20 ./Core/Src/global.o
                0x0000000008000eb4                setTrafficGreen1
 .text.setTrafficYellow1
                0x0000000008000ed4       0x20 ./Core/Src/global.o
                0x0000000008000ed4                setTrafficYellow1
 .text.setPedLightRed
                0x0000000008000ef4       0x28 ./Core/Src/global.o
                0x0000000008000ef4                setPedLightRed
 .text.setPedLightYellow
                0x0000000008000f1c       0x28 ./Core/Src/global.o
                0x0000000008000f1c                setPedLightYellow
 .text.setPedLightGreen
                0x0000000008000f44       0x28 ./Core/Src/global.o
                0x0000000008000f44                setPedLightGreen
 .text.setPedLightOff
                0x0000000008000f6c       0x28 ./Core/Src/global.o
                0x0000000008000f6c                setPedLightOff
 .text.toggleTrafficRed
                0x0000000008000f94       0x24 ./Core/Src/global.o
                0x0000000008000f94                toggleTrafficRed
 .text.toggleTrafficYellow
                0x0000000008000fb8       0x34 ./Core/Src/global.o
                0x0000000008000fb8                toggleTrafficYellow
 .text.toggleTrafficGreen
                0x0000000008000fec       0x1c ./Core/Src/global.o
                0x0000000008000fec                toggleTrafficGreen
 .text.setLedBuffer
                0x0000000008001008       0x78 ./Core/Src/global.o
                0x0000000008001008                setLedBuffer
 .text.updateLedBuffer
                0x0000000008001080       0x58 ./Core/Src/global.o
                0x0000000008001080                updateLedBuffer
 .text.resetInitialState
                0x00000000080010d8       0x60 ./Core/Src/global.o
                0x00000000080010d8                resetInitialState
 .text.main     0x0000000008001138       0x78 ./Core/Src/main.o
                0x0000000008001138                main
 .text.SystemClock_Config
                0x00000000080011b0       0x76 ./Core/Src/main.o
                0x00000000080011b0                SystemClock_Config
 *fill*         0x0000000008001226        0x2 
 .text.MX_TIM2_Init
                0x0000000008001228       0x98 ./Core/Src/main.o
 .text.MX_TIM3_Init
                0x00000000080012c0       0xac ./Core/Src/main.o
 .text.MX_USART2_UART_Init
                0x000000000800136c       0x54 ./Core/Src/main.o
 .text.MX_GPIO_Init
                0x00000000080013c0       0xf4 ./Core/Src/main.o
 .text.HAL_TIM_PeriodElapsedCallback
                0x00000000080014b4       0x14 ./Core/Src/main.o
                0x00000000080014b4                HAL_TIM_PeriodElapsedCallback
 .text.Error_Handler
                0x00000000080014c8        0xa ./Core/Src/main.o
                0x00000000080014c8                Error_Handler
 *fill*         0x00000000080014d2        0x2 
 .text.SCH_Add_Task
                0x00000000080014d4       0xd4 ./Core/Src/scheduler.o
                0x00000000080014d4                SCH_Add_Task
 .text.SCH_Update
                0x00000000080015a8       0x30 ./Core/Src/scheduler.o
                0x00000000080015a8                SCH_Update
 .text.SCH_Delete_Task
                0x00000000080015d8       0x1e ./Core/Src/scheduler.o
                0x00000000080015d8                SCH_Delete_Task
 *fill*         0x00000000080015f6        0x2 
 .text.SCH_Dispatch_Tasks
                0x00000000080015f8       0x68 ./Core/Src/scheduler.o
                0x00000000080015f8                SCH_Dispatch_Tasks
 .text.setTimer1
                0x0000000008001660       0x2c ./Core/Src/softwareTimer.o
                0x0000000008001660                setTimer1
 .text.setTimer2
                0x000000000800168c       0x28 ./Core/Src/softwareTimer.o
                0x000000000800168c                setTimer2
 .text.setTimer3
                0x00000000080016b4       0x28 ./Core/Src/softwareTimer.o
                0x00000000080016b4                setTimer3
 .text.setTimer4
                0x00000000080016dc       0x28 ./Core/Src/softwareTimer.o
                0x00000000080016dc                setTimer4
 .text.timerRun
                0x0000000008001704       0xac ./Core/Src/softwareTimer.o
                0x0000000008001704                timerRun
 .text.HAL_MspInit
                0x00000000080017b0       0x64 ./Core/Src/stm32f1xx_hal_msp.o
                0x00000000080017b0                HAL_MspInit
 .text.HAL_TIM_Base_MspInit
                0x0000000008001814       0x48 ./Core/Src/stm32f1xx_hal_msp.o
                0x0000000008001814                HAL_TIM_Base_MspInit
 .text.HAL_TIM_PWM_MspInit
                0x000000000800185c       0x3c ./Core/Src/stm32f1xx_hal_msp.o
                0x000000000800185c                HAL_TIM_PWM_MspInit
 .text.HAL_UART_MspInit
                0x0000000008001898       0xa4 ./Core/Src/stm32f1xx_hal_msp.o
                0x0000000008001898                HAL_UART_MspInit
 .text.NMI_Handler
                0x000000000800193c        0x6 ./Core/Src/stm32f1xx_it.o
                0x000000000800193c                NMI_Handler
 .text.HardFault_Handler
                0x0000000008001942        0x6 ./Core/Src/stm32f1xx_it.o
                0x0000000008001942                HardFault_Handler
 .text.MemManage_Handler
                0x0000000008001948        0x6 ./Core/Src/stm32f1xx_it.o
                0x0000000008001948                MemManage_Handler
 .text.BusFault_Handler
                0x000000000800194e        0x6 ./Core/Src/stm32f1xx_it.o
                0x000000000800194e                BusFault_Handler
 .text.UsageFault_Handler
                0x0000000008001954        0x6 ./Core/Src/stm32f1xx_it.o
                0x0000000008001954                UsageFault_Handler
 .text.SVC_Handler
                0x000000000800195a        0xc ./Core/Src/stm32f1xx_it.o
                0x000000000800195a                SVC_Handler
 .text.DebugMon_Handler
                0x0000000008001966        0xc ./Core/Src/stm32f1xx_it.o
                0x0000000008001966                DebugMon_Handler
 .text.PendSV_Handler
                0x0000000008001972        0xc ./Core/Src/stm32f1xx_it.o
                0x0000000008001972                PendSV_Handler
 .text.SysTick_Handler
                0x000000000800197e        0xc ./Core/Src/stm32f1xx_it.o
                0x000000000800197e                SysTick_Handler
 *fill*         0x000000000800198a        0x2 
 .text.TIM2_IRQHandler
                0x000000000800198c       0x14 ./Core/Src/stm32f1xx_it.o
                0x000000000800198c                TIM2_IRQHandler
 .text.USART2_IRQHandler
                0x00000000080019a0       0x14 ./Core/Src/stm32f1xx_it.o
                0x00000000080019a0                USART2_IRQHandler
 .text._sbrk    0x00000000080019b4       0x6c ./Core/Src/sysmem.o
                0x00000000080019b4                _sbrk
 .text.SystemInit
                0x0000000008001a20        0xc ./Core/Src/system_stm32f1xx.o
                0x0000000008001a20                SystemInit
 .text.Reset_Handler
                0x0000000008001a2c       0x48 ./Core/Startup/startup_stm32f103c6ux.o
                0x0000000008001a2c                Reset_Handler
 .text.Default_Handler
                0x0000000008001a74        0x2 ./Core/Startup/startup_stm32f103c6ux.o
                0x0000000008001a74                RTC_Alarm_IRQHandler
                0x0000000008001a74                EXTI2_IRQHandler
                0x0000000008001a74                TIM1_CC_IRQHandler
                0x0000000008001a74                PVD_IRQHandler
                0x0000000008001a74                EXTI3_IRQHandler
                0x0000000008001a74                EXTI0_IRQHandler
                0x0000000008001a74                ADC1_2_IRQHandler
                0x0000000008001a74                SPI1_IRQHandler
                0x0000000008001a74                TAMPER_IRQHandler
                0x0000000008001a74                DMA1_Channel4_IRQHandler
                0x0000000008001a74                RTC_IRQHandler
                0x0000000008001a74                DMA1_Channel7_IRQHandler
                0x0000000008001a74                CAN1_RX1_IRQHandler
                0x0000000008001a74                I2C1_EV_IRQHandler
                0x0000000008001a74                DMA1_Channel6_IRQHandler
                0x0000000008001a74                TIM3_IRQHandler
                0x0000000008001a74                RCC_IRQHandler
                0x0000000008001a74                TIM1_TRG_COM_IRQHandler
                0x0000000008001a74                DMA1_Channel1_IRQHandler
                0x0000000008001a74                Default_Handler
                0x0000000008001a74                EXTI15_10_IRQHandler
                0x0000000008001a74                EXTI9_5_IRQHandler
                0x0000000008001a74                DMA1_Channel5_IRQHandler
                0x0000000008001a74                EXTI4_IRQHandler
                0x0000000008001a74                USB_LP_CAN1_RX0_IRQHandler
                0x0000000008001a74                USB_HP_CAN1_TX_IRQHandler
                0x0000000008001a74                DMA1_Channel3_IRQHandler
                0x0000000008001a74                TIM1_UP_IRQHandler
                0x0000000008001a74                WWDG_IRQHandler
                0x0000000008001a74                TIM1_BRK_IRQHandler
                0x0000000008001a74                EXTI1_IRQHandler
                0x0000000008001a74                DMA1_Channel2_IRQHandler
                0x0000000008001a74                CAN1_SCE_IRQHandler
                0x0000000008001a74                FLASH_IRQHandler
                0x0000000008001a74                USART1_IRQHandler
                0x0000000008001a74                I2C1_ER_IRQHandler
                0x0000000008001a74                USBWakeUp_IRQHandler
 *fill*         0x0000000008001a76        0x2 
 .text.HAL_Init
                0x0000000008001a78       0x2c ./Drivers/STM32F1xx_HAL_Driver/Src/stm32f1xx_hal.o
                0x0000000008001a78                HAL_Init
 .text.HAL_InitTick
                0x0000000008001aa4       0x60 ./Drivers/STM32F1xx_HAL_Driver/Src/stm32f1xx_hal.o
                0x0000000008001aa4                HAL_InitTick
 .text.HAL_IncTick
                0x0000000008001b04       0x24 ./Drivers/STM32F1xx_HAL_Driver/Src/stm32f1xx_hal.o
                0x0000000008001b04                HAL_IncTick
 .text.HAL_GetTick
                0x0000000008001b28       0x14 ./Drivers/STM32F1xx_HAL_Driver/Src/stm32f1xx_hal.o
                0x0000000008001b28                HAL_GetTick
 .text.__NVIC_SetPriorityGrouping
                0x0000000008001b3c       0x48 ./Drivers/STM32F1xx_HAL_Driver/Src/stm32f1xx_hal_cortex.o
 .text.__NVIC_GetPriorityGrouping
                0x0000000008001b84       0x1c ./Drivers/STM32F1xx_HAL_Driver/Src/stm32f1xx_hal_cortex.o
 .text.__NVIC_EnableIRQ
                0x0000000008001ba0       0x38 ./Drivers/STM32F1xx_HAL_Driver/Src/stm32f1xx_hal_cortex.o
 .text.__NVIC_SetPriority
                0x0000000008001bd8       0x54 ./Drivers/STM32F1xx_HAL_Driver/Src/stm32f1xx_hal_cortex.o
 .text.NVIC_EncodePriority
                0x0000000008001c2c       0x64 ./Drivers/STM32F1xx_HAL_Driver/Src/stm32f1xx_hal_cortex.o
 .text.SysTick_Config
                0x0000000008001c90       0x44 ./Drivers/STM32F1xx_HAL_Driver/Src/stm32f1xx_hal_cortex.o
 .text.HAL_NVIC_SetPriorityGrouping
                0x0000000008001cd4       0x16 ./Drivers/STM32F1xx_HAL_Driver/Src/stm32f1xx_hal_cortex.o
                0x0000000008001cd4                HAL_NVIC_SetPriorityGrouping
 .text.HAL_NVIC_SetPriority
                0x0000000008001cea       0x38 ./Drivers/STM32F1xx_HAL_Driver/Src/stm32f1xx_hal_cortex.o
                0x0000000008001cea                HAL_NVIC_SetPriority
 .text.HAL_NVIC_EnableIRQ
                0x0000000008001d22       0x1c ./Drivers/STM32F1xx_HAL_Driver/Src/stm32f1xx_hal_cortex.o
                0x0000000008001d22                HAL_NVIC_EnableIRQ
 .text.HAL_SYSTICK_Config
                0x0000000008001d3e       0x18 ./Drivers/STM32F1xx_HAL_Driver/Src/stm32f1xx_hal_cortex.o
                0x0000000008001d3e                HAL_SYSTICK_Config
 .text.HAL_DMA_Abort
                0x0000000008001d56       0x76 ./Drivers/STM32F1xx_HAL_Driver/Src/stm32f1xx_hal_dma.o
                0x0000000008001d56                HAL_DMA_Abort
 .text.HAL_DMA_Abort_IT
                0x0000000008001dcc       0xf0 ./Drivers/STM32F1xx_HAL_Driver/Src/stm32f1xx_hal_dma.o
                0x0000000008001dcc                HAL_DMA_Abort_IT
 .text.HAL_GPIO_Init
                0x0000000008001ebc      0x2f4 ./Drivers/STM32F1xx_HAL_Driver/Src/stm32f1xx_hal_gpio.o
                0x0000000008001ebc                HAL_GPIO_Init
 .text.HAL_GPIO_ReadPin
                0x00000000080021b0       0x2e ./Drivers/STM32F1xx_HAL_Driver/Src/stm32f1xx_hal_gpio.o
                0x00000000080021b0                HAL_GPIO_ReadPin
 .text.HAL_GPIO_WritePin
                0x00000000080021de       0x30 ./Drivers/STM32F1xx_HAL_Driver/Src/stm32f1xx_hal_gpio.o
                0x00000000080021de                HAL_GPIO_WritePin
 .text.HAL_GPIO_TogglePin
                0x000000000800220e       0x32 ./Drivers/STM32F1xx_HAL_Driver/Src/stm32f1xx_hal_gpio.o
                0x000000000800220e                HAL_GPIO_TogglePin
 .text.HAL_RCC_OscConfig
                0x0000000008002240      0x500 ./Drivers/STM32F1xx_HAL_Driver/Src/stm32f1xx_hal_rcc.o
                0x0000000008002240                HAL_RCC_OscConfig
 .text.HAL_RCC_ClockConfig
                0x0000000008002740      0x1d4 ./Drivers/STM32F1xx_HAL_Driver/Src/stm32f1xx_hal_rcc.o
                0x0000000008002740                HAL_RCC_ClockConfig
 .text.HAL_RCC_GetSysClockFreq
                0x0000000008002914       0xa8 ./Drivers/STM32F1xx_HAL_Driver/Src/stm32f1xx_hal_rcc.o
                0x0000000008002914                HAL_RCC_GetSysClockFreq
 .text.HAL_RCC_GetHCLKFreq
                0x00000000080029bc       0x14 ./Drivers/STM32F1xx_HAL_Driver/Src/stm32f1xx_hal_rcc.o
                0x00000000080029bc                HAL_RCC_GetHCLKFreq
 .text.HAL_RCC_GetPCLK1Freq
                0x00000000080029d0       0x28 ./Drivers/STM32F1xx_HAL_Driver/Src/stm32f1xx_hal_rcc.o
                0x00000000080029d0                HAL_RCC_GetPCLK1Freq
 .text.HAL_RCC_GetPCLK2Freq
                0x00000000080029f8       0x28 ./Drivers/STM32F1xx_HAL_Driver/Src/stm32f1xx_hal_rcc.o
                0x00000000080029f8                HAL_RCC_GetPCLK2Freq
 .text.RCC_Delay
                0x0000000008002a20       0x3c ./Drivers/STM32F1xx_HAL_Driver/Src/stm32f1xx_hal_rcc.o
 .text.HAL_TIM_Base_Init
                0x0000000008002a5c       0x9e ./Drivers/STM32F1xx_HAL_Driver/Src/stm32f1xx_hal_tim.o
                0x0000000008002a5c                HAL_TIM_Base_Init
 *fill*         0x0000000008002afa        0x2 
 .text.HAL_TIM_Base_Start_IT
                0x0000000008002afc       0x98 ./Drivers/STM32F1xx_HAL_Driver/Src/stm32f1xx_hal_tim.o
                0x0000000008002afc                HAL_TIM_Base_Start_IT
 .text.HAL_TIM_PWM_Init
                0x0000000008002b94       0x9e ./Drivers/STM32F1xx_HAL_Driver/Src/stm32f1xx_hal_tim.o
                0x0000000008002b94                HAL_TIM_PWM_Init
 .text.HAL_TIM_IRQHandler
                0x0000000008002c32      0x210 ./Drivers/STM32F1xx_HAL_Driver/Src/stm32f1xx_hal_tim.o
                0x0000000008002c32                HAL_TIM_IRQHandler
 *fill*         0x0000000008002e42        0x2 
 .text.HAL_TIM_PWM_ConfigChannel
                0x0000000008002e44      0x184 ./Drivers/STM32F1xx_HAL_Driver/Src/stm32f1xx_hal_tim.o
                0x0000000008002e44                HAL_TIM_PWM_ConfigChannel
 .text.HAL_TIM_ConfigClockSource
                0x0000000008002fc8      0x18e ./Drivers/STM32F1xx_HAL_Driver/Src/stm32f1xx_hal_tim.o
                0x0000000008002fc8                HAL_TIM_ConfigClockSource
 .text.HAL_TIM_OC_DelayElapsedCallback
                0x0000000008003156       0x12 ./Drivers/STM32F1xx_HAL_Driver/Src/stm32f1xx_hal_tim.o
                0x0000000008003156                HAL_TIM_OC_DelayElapsedCallback
 .text.HAL_TIM_IC_CaptureCallback
                0x0000000008003168       0x12 ./Drivers/STM32F1xx_HAL_Driver/Src/stm32f1xx_hal_tim.o
                0x0000000008003168                HAL_TIM_IC_CaptureCallback
 .text.HAL_TIM_PWM_PulseFinishedCallback
                0x000000000800317a       0x12 ./Drivers/STM32F1xx_HAL_Driver/Src/stm32f1xx_hal_tim.o
                0x000000000800317a                HAL_TIM_PWM_PulseFinishedCallback
 .text.HAL_TIM_TriggerCallback
                0x000000000800318c       0x12 ./Drivers/STM32F1xx_HAL_Driver/Src/stm32f1xx_hal_tim.o
                0x000000000800318c                HAL_TIM_TriggerCallback
 *fill*         0x000000000800319e        0x2 
 .text.TIM_Base_SetConfig
                0x00000000080031a0       0xb0 ./Drivers/STM32F1xx_HAL_Driver/Src/stm32f1xx_hal_tim.o
                0x00000000080031a0                TIM_Base_SetConfig
 .text.TIM_OC1_SetConfig
                0x0000000008003250       0xcc ./Drivers/STM32F1xx_HAL_Driver/Src/stm32f1xx_hal_tim.o
 .text.TIM_OC2_SetConfig
                0x000000000800331c       0xd4 ./Drivers/STM32F1xx_HAL_Driver/Src/stm32f1xx_hal_tim.o
                0x000000000800331c                TIM_OC2_SetConfig
 .text.TIM_OC3_SetConfig
                0x00000000080033f0       0xd4 ./Drivers/STM32F1xx_HAL_Driver/Src/stm32f1xx_hal_tim.o
 .text.TIM_OC4_SetConfig
                0x00000000080034c4       0x9c ./Drivers/STM32F1xx_HAL_Driver/Src/stm32f1xx_hal_tim.o
 .text.TIM_TI1_ConfigInputStage
                0x0000000008003560       0x5c ./Drivers/STM32F1xx_HAL_Driver/Src/stm32f1xx_hal_tim.o
 .text.TIM_TI2_ConfigInputStage
                0x00000000080035bc       0x5e ./Drivers/STM32F1xx_HAL_Driver/Src/stm32f1xx_hal_tim.o
 .text.TIM_ITRx_SetConfig
                0x000000000800361a       0x34 ./Drivers/STM32F1xx_HAL_Driver/Src/stm32f1xx_hal_tim.o
 .text.TIM_ETR_SetConfig
                0x000000000800364e       0x3e ./Drivers/STM32F1xx_HAL_Driver/Src/stm32f1xx_hal_tim.o
                0x000000000800364e                TIM_ETR_SetConfig
 .text.HAL_TIMEx_MasterConfigSynchronization
                0x000000000800368c       0xb0 ./Drivers/STM32F1xx_HAL_Driver/Src/stm32f1xx_hal_tim_ex.o
                0x000000000800368c                HAL_TIMEx_MasterConfigSynchronization
 .text.HAL_TIMEx_CommutCallback
                0x000000000800373c       0x12 ./Drivers/STM32F1xx_HAL_Driver/Src/stm32f1xx_hal_tim_ex.o
                0x000000000800373c                HAL_TIMEx_CommutCallback
 .text.HAL_TIMEx_BreakCallback
                0x000000000800374e       0x12 ./Drivers/STM32F1xx_HAL_Driver/Src/stm32f1xx_hal_tim_ex.o
                0x000000000800374e                HAL_TIMEx_BreakCallback
 .text.HAL_UART_Init
                0x0000000008003760       0xa0 ./Drivers/STM32F1xx_HAL_Driver/Src/stm32f1xx_hal_uart.o
                0x0000000008003760                HAL_UART_Init
 .text.HAL_UART_Transmit
                0x0000000008003800      0x106 ./Drivers/STM32F1xx_HAL_Driver/Src/stm32f1xx_hal_uart.o
                0x0000000008003800                HAL_UART_Transmit
 *fill*         0x0000000008003906        0x2 
 .text.HAL_UART_IRQHandler
                0x0000000008003908      0x524 ./Drivers/STM32F1xx_HAL_Driver/Src/stm32f1xx_hal_uart.o
                0x0000000008003908                HAL_UART_IRQHandler
 .text.HAL_UART_TxCpltCallback
                0x0000000008003e2c       0x12 ./Drivers/STM32F1xx_HAL_Driver/Src/stm32f1xx_hal_uart.o
                0x0000000008003e2c                HAL_UART_TxCpltCallback
 .text.HAL_UART_RxCpltCallback
                0x0000000008003e3e       0x12 ./Drivers/STM32F1xx_HAL_Driver/Src/stm32f1xx_hal_uart.o
                0x0000000008003e3e                HAL_UART_RxCpltCallback
 .text.HAL_UART_ErrorCallback
                0x0000000008003e50       0x12 ./Drivers/STM32F1xx_HAL_Driver/Src/stm32f1xx_hal_uart.o
                0x0000000008003e50                HAL_UART_ErrorCallback
 .text.HAL_UARTEx_RxEventCallback
                0x0000000008003e62       0x16 ./Drivers/STM32F1xx_HAL_Driver/Src/stm32f1xx_hal_uart.o
                0x0000000008003e62                HAL_UARTEx_RxEventCallback
 .text.UART_WaitOnFlagUntilTimeout
                0x0000000008003e78       0xdc ./Drivers/STM32F1xx_HAL_Driver/Src/stm32f1xx_hal_uart.o
 .text.UART_EndRxTransfer
                0x0000000008003f54       0xc4 ./Drivers/STM32F1xx_HAL_Driver/Src/stm32f1xx_hal_uart.o
 .text.UART_DMAAbortOnError
                0x0000000008004018       0x28 ./Drivers/STM32F1xx_HAL_Driver/Src/stm32f1xx_hal_uart.o
 .text.UART_Transmit_IT
                0x0000000008004040       0x9e ./Drivers/STM32F1xx_HAL_Driver/Src/stm32f1xx_hal_uart.o
 .text.UART_EndTransmit_IT
                0x00000000080040de       0x30 ./Drivers/STM32F1xx_HAL_Driver/Src/stm32f1xx_hal_uart.o
 .text.UART_Receive_IT
                0x000000000800410e      0x17c ./Drivers/STM32F1xx_HAL_Driver/Src/stm32f1xx_hal_uart.o
 *fill*         0x000000000800428a        0x2 
 .text.UART_SetConfig
                0x000000000800428c      0x11c ./Drivers/STM32F1xx_HAL_Driver/Src/stm32f1xx_hal_uart.o
 .text.__errno  0x00000000080043a8        0xc c:/st/stm32cubeide_1.7.0/stm32cubeide/plugins/com.st.stm32cube.ide.mcu.externaltools.gnu-tools-for-stm32.9-2020-q2-update.win32_2.0.0.202105311346/tools/bin/../lib/gcc/arm-none-eabi/9.3.1/../../../../arm-none-eabi/lib/thumb/v7-m/nofp\libc_nano.a(lib_a-errno.o)
                0x00000000080043a8                __errno
 .text.__libc_init_array
                0x00000000080043b4       0x48 c:/st/stm32cubeide_1.7.0/stm32cubeide/plugins/com.st.stm32cube.ide.mcu.externaltools.gnu-tools-for-stm32.9-2020-q2-update.win32_2.0.0.202105311346/tools/bin/../lib/gcc/arm-none-eabi/9.3.1/../../../../arm-none-eabi/lib/thumb/v7-m/nofp\libc_nano.a(lib_a-init.o)
                0x00000000080043b4                __libc_init_array
 .text.malloc   0x00000000080043fc       0x10 c:/st/stm32cubeide_1.7.0/stm32cubeide/plugins/com.st.stm32cube.ide.mcu.externaltools.gnu-tools-for-stm32.9-2020-q2-update.win32_2.0.0.202105311346/tools/bin/../lib/gcc/arm-none-eabi/9.3.1/../../../../arm-none-eabi/lib/thumb/v7-m/nofp\libc_nano.a(lib_a-malloc.o)
                0x00000000080043fc                malloc
 .text.free     0x000000000800440c       0x10 c:/st/stm32cubeide_1.7.0/stm32cubeide/plugins/com.st.stm32cube.ide.mcu.externaltools.gnu-tools-for-stm32.9-2020-q2-update.win32_2.0.0.202105311346/tools/bin/../lib/gcc/arm-none-eabi/9.3.1/../../../../arm-none-eabi/lib/thumb/v7-m/nofp\libc_nano.a(lib_a-malloc.o)
                0x000000000800440c                free
 .text.memset   0x000000000800441c       0x10 c:/st/stm32cubeide_1.7.0/stm32cubeide/plugins/com.st.stm32cube.ide.mcu.externaltools.gnu-tools-for-stm32.9-2020-q2-update.win32_2.0.0.202105311346/tools/bin/../lib/gcc/arm-none-eabi/9.3.1/../../../../arm-none-eabi/lib/thumb/v7-m/nofp\libc_nano.a(lib_a-memset.o)
                0x000000000800441c                memset
 .text._free_r  0x000000000800442c       0x98 c:/st/stm32cubeide_1.7.0/stm32cubeide/plugins/com.st.stm32cube.ide.mcu.externaltools.gnu-tools-for-stm32.9-2020-q2-update.win32_2.0.0.202105311346/tools/bin/../lib/gcc/arm-none-eabi/9.3.1/../../../../arm-none-eabi/lib/thumb/v7-m/nofp\libc_nano.a(lib_a-nano-freer.o)
                0x000000000800442c                _free_r
 .text._malloc_r
                0x00000000080044c4       0xb4 c:/st/stm32cubeide_1.7.0/stm32cubeide/plugins/com.st.stm32cube.ide.mcu.externaltools.gnu-tools-for-stm32.9-2020-q2-update.win32_2.0.0.202105311346/tools/bin/../lib/gcc/arm-none-eabi/9.3.1/../../../../arm-none-eabi/lib/thumb/v7-m/nofp\libc_nano.a(lib_a-nano-mallocr.o)
                0x00000000080044c4                _malloc_r
 .text._sbrk_r  0x0000000008004578       0x20 c:/st/stm32cubeide_1.7.0/stm32cubeide/plugins/com.st.stm32cube.ide.mcu.externaltools.gnu-tools-for-stm32.9-2020-q2-update.win32_2.0.0.202105311346/tools/bin/../lib/gcc/arm-none-eabi/9.3.1/../../../../arm-none-eabi/lib/thumb/v7-m/nofp\libc_nano.a(lib_a-sbrkr.o)
                0x0000000008004578                _sbrk_r
 .text.sprintf  0x0000000008004598       0x40 c:/st/stm32cubeide_1.7.0/stm32cubeide/plugins/com.st.stm32cube.ide.mcu.externaltools.gnu-tools-for-stm32.9-2020-q2-update.win32_2.0.0.202105311346/tools/bin/../lib/gcc/arm-none-eabi/9.3.1/../../../../arm-none-eabi/lib/thumb/v7-m/nofp\libc_nano.a(lib_a-sprintf.o)
                0x0000000008004598                siprintf
                0x0000000008004598                sprintf
 .text.__malloc_lock
                0x00000000080045d8        0xc c:/st/stm32cubeide_1.7.0/stm32cubeide/plugins/com.st.stm32cube.ide.mcu.externaltools.gnu-tools-for-stm32.9-2020-q2-update.win32_2.0.0.202105311346/tools/bin/../lib/gcc/arm-none-eabi/9.3.1/../../../../arm-none-eabi/lib/thumb/v7-m/nofp\libc_nano.a(lib_a-mlock.o)
                0x00000000080045d8                __malloc_lock
 .text.__malloc_unlock
                0x00000000080045e4        0xc c:/st/stm32cubeide_1.7.0/stm32cubeide/plugins/com.st.stm32cube.ide.mcu.externaltools.gnu-tools-for-stm32.9-2020-q2-update.win32_2.0.0.202105311346/tools/bin/../lib/gcc/arm-none-eabi/9.3.1/../../../../arm-none-eabi/lib/thumb/v7-m/nofp\libc_nano.a(lib_a-mlock.o)
                0x00000000080045e4                __malloc_unlock
 .text.__ssputs_r
                0x00000000080045f0       0xb6 c:/st/stm32cubeide_1.7.0/stm32cubeide/plugins/com.st.stm32cube.ide.mcu.externaltools.gnu-tools-for-stm32.9-2020-q2-update.win32_2.0.0.202105311346/tools/bin/../lib/gcc/arm-none-eabi/9.3.1/../../../../arm-none-eabi/lib/thumb/v7-m/nofp\libc_nano.a(lib_a-nano-svfprintf.o)
                0x00000000080045f0                __ssputs_r
 *fill*         0x00000000080046a6        0x2 
 .text._svfprintf_r
                0x00000000080046a8      0x200 c:/st/stm32cubeide_1.7.0/stm32cubeide/plugins/com.st.stm32cube.ide.mcu.externaltools.gnu-tools-for-stm32.9-2020-q2-update.win32_2.0.0.202105311346/tools/bin/../lib/gcc/arm-none-eabi/9.3.1/../../../../arm-none-eabi/lib/thumb/v7-m/nofp\libc_nano.a(lib_a-nano-svfprintf.o)
                0x00000000080046a8                _svfiprintf_r
                0x00000000080046a8                _svfprintf_r
 .text._printf_common
                0x00000000080048a8       0xde c:/st/stm32cubeide_1.7.0/stm32cubeide/plugins/com.st.stm32cube.ide.mcu.externaltools.gnu-tools-for-stm32.9-2020-q2-update.win32_2.0.0.202105311346/tools/bin/../lib/gcc/arm-none-eabi/9.3.1/../../../../arm-none-eabi/lib/thumb/v7-m/nofp\libc_nano.a(lib_a-nano-vfprintf_i.o)
                0x00000000080048a8                _printf_common
 *fill*         0x0000000008004986        0x2 
 .text._printf_i
                0x0000000008004988      0x24c c:/st/stm32cubeide_1.7.0/stm32cubeide/plugins/com.st.stm32cube.ide.mcu.externaltools.gnu-tools-for-stm32.9-2020-q2-update.win32_2.0.0.202105311346/tools/bin/../lib/gcc/arm-none-eabi/9.3.1/../../../../arm-none-eabi/lib/thumb/v7-m/nofp\libc_nano.a(lib_a-nano-vfprintf_i.o)
                0x0000000008004988                _printf_i
 .text.__retarget_lock_acquire_recursive
                0x0000000008004bd4        0x2 c:/st/stm32cubeide_1.7.0/stm32cubeide/plugins/com.st.stm32cube.ide.mcu.externaltools.gnu-tools-for-stm32.9-2020-q2-update.win32_2.0.0.202105311346/tools/bin/../lib/gcc/arm-none-eabi/9.3.1/../../../../arm-none-eabi/lib/thumb/v7-m/nofp\libc_nano.a(lib_a-lock.o)
                0x0000000008004bd4                __retarget_lock_acquire_recursive
 .text.__retarget_lock_release_recursive
                0x0000000008004bd6        0x2 c:/st/stm32cubeide_1.7.0/stm32cubeide/plugins/com.st.stm32cube.ide.mcu.externaltools.gnu-tools-for-stm32.9-2020-q2-update.win32_2.0.0.202105311346/tools/bin/../lib/gcc/arm-none-eabi/9.3.1/../../../../arm-none-eabi/lib/thumb/v7-m/nofp\libc_nano.a(lib_a-lock.o)
                0x0000000008004bd6                __retarget_lock_release_recursive
 .text.memchr   0x0000000008004bd8       0x1c c:/st/stm32cubeide_1.7.0/stm32cubeide/plugins/com.st.stm32cube.ide.mcu.externaltools.gnu-tools-for-stm32.9-2020-q2-update.win32_2.0.0.202105311346/tools/bin/../lib/gcc/arm-none-eabi/9.3.1/../../../../arm-none-eabi/lib/thumb/v7-m/nofp\libc_nano.a(lib_a-memchr-stub.o)
                0x0000000008004bd8                memchr
 .text.memcpy   0x0000000008004bf4       0x1c c:/st/stm32cubeide_1.7.0/stm32cubeide/plugins/com.st.stm32cube.ide.mcu.externaltools.gnu-tools-for-stm32.9-2020-q2-update.win32_2.0.0.202105311346/tools/bin/../lib/gcc/arm-none-eabi/9.3.1/../../../../arm-none-eabi/lib/thumb/v7-m/nofp\libc_nano.a(lib_a-memcpy-stub.o)
                0x0000000008004bf4                memcpy
 .text.memmove  0x0000000008004c10       0x34 c:/st/stm32cubeide_1.7.0/stm32cubeide/plugins/com.st.stm32cube.ide.mcu.externaltools.gnu-tools-for-stm32.9-2020-q2-update.win32_2.0.0.202105311346/tools/bin/../lib/gcc/arm-none-eabi/9.3.1/../../../../arm-none-eabi/lib/thumb/v7-m/nofp\libc_nano.a(lib_a-memmove.o)
                0x0000000008004c10                memmove
 .text._realloc_r
                0x0000000008004c44       0x4c c:/st/stm32cubeide_1.7.0/stm32cubeide/plugins/com.st.stm32cube.ide.mcu.externaltools.gnu-tools-for-stm32.9-2020-q2-update.win32_2.0.0.202105311346/tools/bin/../lib/gcc/arm-none-eabi/9.3.1/../../../../arm-none-eabi/lib/thumb/v7-m/nofp\libc_nano.a(lib_a-nano-reallocr.o)
                0x0000000008004c44                _realloc_r
 .text._malloc_usable_size_r
                0x0000000008004c90       0x10 c:/st/stm32cubeide_1.7.0/stm32cubeide/plugins/com.st.stm32cube.ide.mcu.externaltools.gnu-tools-for-stm32.9-2020-q2-update.win32_2.0.0.202105311346/tools/bin/../lib/gcc/arm-none-eabi/9.3.1/../../../../arm-none-eabi/lib/thumb/v7-m/nofp\libc_nano.a(lib_a-nano-msizer.o)
                0x0000000008004c90                _malloc_usable_size_r
 *(.glue_7)
 .glue_7        0x0000000008004ca0        0x0 linker stubs
 *(.glue_7t)
 .glue_7t       0x0000000008004ca0        0x0 linker stubs
 *(.eh_frame)
 .eh_frame      0x0000000008004ca0        0x0 c:/st/stm32cubeide_1.7.0/stm32cubeide/plugins/com.st.stm32cube.ide.mcu.externaltools.gnu-tools-for-stm32.9-2020-q2-update.win32_2.0.0.202105311346/tools/bin/../lib/gcc/arm-none-eabi/9.3.1/thumb/v7-m/nofp/crtbegin.o
 *(.init)
 .init          0x0000000008004ca0        0x4 c:/st/stm32cubeide_1.7.0/stm32cubeide/plugins/com.st.stm32cube.ide.mcu.externaltools.gnu-tools-for-stm32.9-2020-q2-update.win32_2.0.0.202105311346/tools/bin/../lib/gcc/arm-none-eabi/9.3.1/thumb/v7-m/nofp/crti.o
                0x0000000008004ca0                _init
 .init          0x0000000008004ca4        0x8 c:/st/stm32cubeide_1.7.0/stm32cubeide/plugins/com.st.stm32cube.ide.mcu.externaltools.gnu-tools-for-stm32.9-2020-q2-update.win32_2.0.0.202105311346/tools/bin/../lib/gcc/arm-none-eabi/9.3.1/thumb/v7-m/nofp/crtn.o
 *(.fini)
 .fini          0x0000000008004cac        0x4 c:/st/stm32cubeide_1.7.0/stm32cubeide/plugins/com.st.stm32cube.ide.mcu.externaltools.gnu-tools-for-stm32.9-2020-q2-update.win32_2.0.0.202105311346/tools/bin/../lib/gcc/arm-none-eabi/9.3.1/thumb/v7-m/nofp/crti.o
                0x0000000008004cac                _fini
 .fini          0x0000000008004cb0        0x8 c:/st/stm32cubeide_1.7.0/stm32cubeide/plugins/com.st.stm32cube.ide.mcu.externaltools.gnu-tools-for-stm32.9-2020-q2-update.win32_2.0.0.202105311346/tools/bin/../lib/gcc/arm-none-eabi/9.3.1/thumb/v7-m/nofp/crtn.o
                0x0000000008004cb8                . = ALIGN (0x4)
                0x0000000008004cb8                _etext = .

.vfp11_veneer   0x0000000008004cb8        0x0
 .vfp11_veneer  0x0000000008004cb8        0x0 linker stubs

.v4_bx          0x0000000008004cb8        0x0
 .v4_bx         0x0000000008004cb8        0x0 linker stubs

.iplt           0x0000000008004cb8        0x0
 .iplt          0x0000000008004cb8        0x0 c:/st/stm32cubeide_1.7.0/stm32cubeide/plugins/com.st.stm32cube.ide.mcu.externaltools.gnu-tools-for-stm32.9-2020-q2-update.win32_2.0.0.202105311346/tools/bin/../lib/gcc/arm-none-eabi/9.3.1/thumb/v7-m/nofp/crtbegin.o

.rodata         0x0000000008004cb8       0xa4
                0x0000000008004cb8                . = ALIGN (0x4)
 *(.rodata)
 .rodata        0x0000000008004cb8       0x41 ./Core/Src/UART.o
 *(.rodata*)
 *fill*         0x0000000008004cf9        0x3 
 .rodata.AHBPrescTable
                0x0000000008004cfc       0x10 ./Core/Src/system_stm32f1xx.o
                0x0000000008004cfc                AHBPrescTable
 .rodata.APBPrescTable
                0x0000000008004d0c        0x8 ./Core/Src/system_stm32f1xx.o
                0x0000000008004d0c                APBPrescTable
 .rodata.aPLLMULFactorTable.6191
                0x0000000008004d14       0x10 ./Drivers/STM32F1xx_HAL_Driver/Src/stm32f1xx_hal_rcc.o
 .rodata.aPredivFactorTable.6192
                0x0000000008004d24        0x2 ./Drivers/STM32F1xx_HAL_Driver/Src/stm32f1xx_hal_rcc.o
 .rodata._svfprintf_r.str1.1
                0x0000000008004d26       0x11 c:/st/stm32cubeide_1.7.0/stm32cubeide/plugins/com.st.stm32cube.ide.mcu.externaltools.gnu-tools-for-stm32.9-2020-q2-update.win32_2.0.0.202105311346/tools/bin/../lib/gcc/arm-none-eabi/9.3.1/../../../../arm-none-eabi/lib/thumb/v7-m/nofp\libc_nano.a(lib_a-nano-svfprintf.o)
 .rodata._printf_i.str1.1
                0x0000000008004d37       0x22 c:/st/stm32cubeide_1.7.0/stm32cubeide/plugins/com.st.stm32cube.ide.mcu.externaltools.gnu-tools-for-stm32.9-2020-q2-update.win32_2.0.0.202105311346/tools/bin/../lib/gcc/arm-none-eabi/9.3.1/../../../../arm-none-eabi/lib/thumb/v7-m/nofp\libc_nano.a(lib_a-nano-vfprintf_i.o)
                0x0000000008004d5c                . = ALIGN (0x4)
 *fill*         0x0000000008004d59        0x3 

.rel.dyn        0x0000000008004d5c        0x0
 .rel.iplt      0x0000000008004d5c        0x0 c:/st/stm32cubeide_1.7.0/stm32cubeide/plugins/com.st.stm32cube.ide.mcu.externaltools.gnu-tools-for-stm32.9-2020-q2-update.win32_2.0.0.202105311346/tools/bin/../lib/gcc/arm-none-eabi/9.3.1/thumb/v7-m/nofp/crtbegin.o

.ARM.extab      0x0000000008004d5c        0x0
                0x0000000008004d5c                . = ALIGN (0x4)
 *(.ARM.extab* .gnu.linkonce.armextab.*)
                0x0000000008004d5c                . = ALIGN (0x4)

.ARM            0x0000000008004d5c        0x0
                0x0000000008004d5c                . = ALIGN (0x4)
                0x0000000008004d5c                __exidx_start = .
 *(.ARM.exidx*)
                0x0000000008004d5c                __exidx_end = .
                0x0000000008004d5c                . = ALIGN (0x4)

.preinit_array  0x0000000008004d5c        0x0
                0x0000000008004d5c                . = ALIGN (0x4)
                0x0000000008004d5c                PROVIDE (__preinit_array_start = .)
 *(.preinit_array*)
                0x0000000008004d5c                PROVIDE (__preinit_array_end = .)
                0x0000000008004d5c                . = ALIGN (0x4)

.init_array     0x0000000008004d5c        0x4
                0x0000000008004d5c                . = ALIGN (0x4)
                0x0000000008004d5c                PROVIDE (__init_array_start = .)
 *(SORT_BY_NAME(.init_array.*))
 *(.init_array*)
 .init_array    0x0000000008004d5c        0x4 c:/st/stm32cubeide_1.7.0/stm32cubeide/plugins/com.st.stm32cube.ide.mcu.externaltools.gnu-tools-for-stm32.9-2020-q2-update.win32_2.0.0.202105311346/tools/bin/../lib/gcc/arm-none-eabi/9.3.1/thumb/v7-m/nofp/crtbegin.o
                0x0000000008004d60                PROVIDE (__init_array_end = .)
                0x0000000008004d60                . = ALIGN (0x4)

.fini_array     0x0000000008004d60        0x4
                0x0000000008004d60                . = ALIGN (0x4)
                [!provide]                        PROVIDE (__fini_array_start = .)
 *(SORT_BY_NAME(.fini_array.*))
 *(.fini_array*)
 .fini_array    0x0000000008004d60        0x4 c:/st/stm32cubeide_1.7.0/stm32cubeide/plugins/com.st.stm32cube.ide.mcu.externaltools.gnu-tools-for-stm32.9-2020-q2-update.win32_2.0.0.202105311346/tools/bin/../lib/gcc/arm-none-eabi/9.3.1/thumb/v7-m/nofp/crtbegin.o
                [!provide]                        PROVIDE (__fini_array_end = .)
                0x0000000008004d64                . = ALIGN (0x4)
                0x0000000008004d64                _sidata = LOADADDR (.data)

.data           0x0000000020000000       0xd0 load address 0x0000000008004d64
                0x0000000020000000                . = ALIGN (0x4)
                0x0000000020000000                _sdata = .
 *(.data)
 *(.data*)
 .data.key1_reg0
                0x0000000020000000        0x4 ./Core/Src/button.o
                0x0000000020000000                key1_reg0
 .data.key1_reg1
                0x0000000020000004        0x4 ./Core/Src/button.o
                0x0000000020000004                key1_reg1
 .data.key1_reg2
                0x0000000020000008        0x4 ./Core/Src/button.o
                0x0000000020000008                key1_reg2
 .data.key1_reg3
                0x000000002000000c        0x4 ./Core/Src/button.o
                0x000000002000000c                key1_reg3
 .data.key2_reg0
                0x0000000020000010        0x4 ./Core/Src/button.o
                0x0000000020000010                key2_reg0
 .data.key2_reg1
                0x0000000020000014        0x4 ./Core/Src/button.o
                0x0000000020000014                key2_reg1
 .data.key2_reg2
                0x0000000020000018        0x4 ./Core/Src/button.o
                0x0000000020000018                key2_reg2
 .data.key2_reg3
                0x000000002000001c        0x4 ./Core/Src/button.o
                0x000000002000001c                key2_reg3
 .data.key3_reg0
                0x0000000020000020        0x4 ./Core/Src/button.o
                0x0000000020000020                key3_reg0
 .data.key3_reg1
                0x0000000020000024        0x4 ./Core/Src/button.o
                0x0000000020000024                key3_reg1
 .data.key3_reg2
                0x0000000020000028        0x4 ./Core/Src/button.o
                0x0000000020000028                key3_reg2
 .data.key3_reg3
                0x000000002000002c        0x4 ./Core/Src/button.o
                0x000000002000002c                key3_reg3
 .data.key4_reg0
                0x0000000020000030        0x4 ./Core/Src/button.o
                0x0000000020000030                key4_reg0
 .data.key4_reg1
                0x0000000020000034        0x4 ./Core/Src/button.o
                0x0000000020000034                key4_reg1
 .data.key4_reg2
                0x0000000020000038        0x4 ./Core/Src/button.o
                0x0000000020000038                key4_reg2
 .data.key4_reg3
                0x000000002000003c        0x4 ./Core/Src/button.o
                0x000000002000003c                key4_reg3
 .data.timer_for_key_press
                0x0000000020000040        0x4 ./Core/Src/button.o
                0x0000000020000040                timer_for_key_press
 .data.led_buffer
                0x0000000020000044       0x10 ./Core/Src/global.o
                0x0000000020000044                led_buffer
 .data.red_time
                0x0000000020000054        0x4 ./Core/Src/global.o
                0x0000000020000054                red_time
 .data.green_time
                0x0000000020000058        0x4 ./Core/Src/global.o
                0x0000000020000058                green_time
 .data.yellow_time
                0x000000002000005c        0x4 ./Core/Src/global.o
                0x000000002000005c                yellow_time
 .data.SystemCoreClock
                0x0000000020000060        0x4 ./Core/Src/system_stm32f1xx.o
                0x0000000020000060                SystemCoreClock
 .data.uwTickPrio
                0x0000000020000064        0x4 ./Drivers/STM32F1xx_HAL_Driver/Src/stm32f1xx_hal.o
                0x0000000020000064                uwTickPrio
 .data.uwTickFreq
                0x0000000020000068        0x1 ./Drivers/STM32F1xx_HAL_Driver/Src/stm32f1xx_hal.o
                0x0000000020000068                uwTickFreq
 *fill*         0x0000000020000069        0x3 
 .data._impure_ptr
                0x000000002000006c        0x4 c:/st/stm32cubeide_1.7.0/stm32cubeide/plugins/com.st.stm32cube.ide.mcu.externaltools.gnu-tools-for-stm32.9-2020-q2-update.win32_2.0.0.202105311346/tools/bin/../lib/gcc/arm-none-eabi/9.3.1/../../../../arm-none-eabi/lib/thumb/v7-m/nofp\libc_nano.a(lib_a-impure.o)
                0x000000002000006c                _impure_ptr
 .data.impure_data
                0x0000000020000070       0x60 c:/st/stm32cubeide_1.7.0/stm32cubeide/plugins/com.st.stm32cube.ide.mcu.externaltools.gnu-tools-for-stm32.9-2020-q2-update.win32_2.0.0.202105311346/tools/bin/../lib/gcc/arm-none-eabi/9.3.1/../../../../arm-none-eabi/lib/thumb/v7-m/nofp\libc_nano.a(lib_a-impure.o)
 *(.RamFunc)
 *(.RamFunc*)
                0x00000000200000d0                . = ALIGN (0x4)
                0x00000000200000d0                _edata = .

.igot.plt       0x00000000200000d0        0x0 load address 0x0000000008004e34
 .igot.plt      0x00000000200000d0        0x0 c:/st/stm32cubeide_1.7.0/stm32cubeide/plugins/com.st.stm32cube.ide.mcu.externaltools.gnu-tools-for-stm32.9-2020-q2-update.win32_2.0.0.202105311346/tools/bin/../lib/gcc/arm-none-eabi/9.3.1/thumb/v7-m/nofp/crtbegin.o
                0x00000000200000d0                . = ALIGN (0x4)

.bss            0x00000000200000d0      0x150 load address 0x0000000008004e34
                0x00000000200000d0                _sbss = .
                0x00000000200000d0                __bss_start__ = _sbss
 *(.bss)
 .bss           0x00000000200000d0       0x1c c:/st/stm32cubeide_1.7.0/stm32cubeide/plugins/com.st.stm32cube.ide.mcu.externaltools.gnu-tools-for-stm32.9-2020-q2-update.win32_2.0.0.202105311346/tools/bin/../lib/gcc/arm-none-eabi/9.3.1/thumb/v7-m/nofp/crtbegin.o
 *(.bss*)
 .bss.PED_PRESSED
                0x00000000200000ec        0x4 ./Core/Src/FSMPedestrianMode.o
                0x00000000200000ec                PED_PRESSED
 .bss.button1_flag
                0x00000000200000f0        0x4 ./Core/Src/button.o
                0x00000000200000f0                button1_flag
 .bss.button2_flag
                0x00000000200000f4        0x4 ./Core/Src/button.o
                0x00000000200000f4                button2_flag
 .bss.button3_flag
                0x00000000200000f8        0x4 ./Core/Src/button.o
                0x00000000200000f8                button3_flag
 .bss.button4_flag
                0x00000000200000fc        0x4 ./Core/Src/button.o
                0x00000000200000fc                button4_flag
 .bss.status    0x0000000020000100        0x4 ./Core/Src/global.o
                0x0000000020000100                status
 .bss.timer1_counter
                0x0000000020000104        0x4 ./Core/Src/softwareTimer.o
                0x0000000020000104                timer1_counter
 .bss.timer2_counter
                0x0000000020000108        0x4 ./Core/Src/softwareTimer.o
                0x0000000020000108                timer2_counter
 .bss.timer3_counter
                0x000000002000010c        0x4 ./Core/Src/softwareTimer.o
                0x000000002000010c                timer3_counter
 .bss.timer4_counter
                0x0000000020000110        0x4 ./Core/Src/softwareTimer.o
                0x0000000020000110                timer4_counter
 .bss.timer1_flag
                0x0000000020000114        0x4 ./Core/Src/softwareTimer.o
                0x0000000020000114                timer1_flag
 .bss.timer2_flag
                0x0000000020000118        0x4 ./Core/Src/softwareTimer.o
                0x0000000020000118                timer2_flag
 .bss.timer3_flag
                0x000000002000011c        0x4 ./Core/Src/softwareTimer.o
                0x000000002000011c                timer3_flag
 .bss.timer4_flag
                0x0000000020000120        0x4 ./Core/Src/softwareTimer.o
                0x0000000020000120                timer4_flag
 .bss.__sbrk_heap_end
                0x0000000020000124        0x4 ./Core/Src/sysmem.o
 .bss.__malloc_free_list
                0x0000000020000128        0x4 c:/st/stm32cubeide_1.7.0/stm32cubeide/plugins/com.st.stm32cube.ide.mcu.externaltools.gnu-tools-for-stm32.9-2020-q2-update.win32_2.0.0.202105311346/tools/bin/../lib/gcc/arm-none-eabi/9.3.1/../../../../arm-none-eabi/lib/thumb/v7-m/nofp\libc_nano.a(lib_a-nano-mallocr.o)
                0x0000000020000128                __malloc_free_list
 .bss.__malloc_sbrk_start
                0x000000002000012c        0x4 c:/st/stm32cubeide_1.7.0/stm32cubeide/plugins/com.st.stm32cube.ide.mcu.externaltools.gnu-tools-for-stm32.9-2020-q2-update.win32_2.0.0.202105311346/tools/bin/../lib/gcc/arm-none-eabi/9.3.1/../../../../arm-none-eabi/lib/thumb/v7-m/nofp\libc_nano.a(lib_a-nano-mallocr.o)
                0x000000002000012c                __malloc_sbrk_start
 *(COMMON)
 COMMON         0x0000000020000130       0xd8 ./Core/Src/main.o
                0x0000000020000130                htim3
                0x0000000020000178                htim2
                0x00000000200001c0                huart2
 COMMON         0x0000000020000208        0x4 ./Core/Src/scheduler.o
                0x0000000020000208                stack_task
 COMMON         0x000000002000020c        0x4 ./Drivers/STM32F1xx_HAL_Driver/Src/stm32f1xx_hal.o
                0x000000002000020c                uwTick
 COMMON         0x0000000020000210        0x4 c:/st/stm32cubeide_1.7.0/stm32cubeide/plugins/com.st.stm32cube.ide.mcu.externaltools.gnu-tools-for-stm32.9-2020-q2-update.win32_2.0.0.202105311346/tools/bin/../lib/gcc/arm-none-eabi/9.3.1/../../../../arm-none-eabi/lib/thumb/v7-m/nofp\libc_nano.a(lib_a-reent.o)
                0x0000000020000210                errno
 COMMON         0x0000000020000214        0x9 c:/st/stm32cubeide_1.7.0/stm32cubeide/plugins/com.st.stm32cube.ide.mcu.externaltools.gnu-tools-for-stm32.9-2020-q2-update.win32_2.0.0.202105311346/tools/bin/../lib/gcc/arm-none-eabi/9.3.1/../../../../arm-none-eabi/lib/thumb/v7-m/nofp\libc_nano.a(lib_a-lock.o)
                0x0000000020000214                __lock___atexit_recursive_mutex
                0x0000000020000215                __lock___arc4random_mutex
                0x0000000020000216                __lock___env_recursive_mutex
                0x0000000020000217                __lock___sinit_recursive_mutex
                0x0000000020000218                __lock___malloc_recursive_mutex
                0x0000000020000219                __lock___at_quick_exit_mutex
                0x000000002000021a                __lock___dd_hash_mutex
                0x000000002000021b                __lock___tz_mutex
                0x000000002000021c                __lock___sfp_recursive_mutex
                0x0000000020000220                . = ALIGN (0x4)
 *fill*         0x000000002000021d        0x3 
                0x0000000020000220                _ebss = .
                0x0000000020000220                __bss_end__ = _ebss

._user_heap_stack
                0x0000000020000220      0x600 load address 0x0000000008004e34
                0x0000000020000220                . = ALIGN (0x8)
                [!provide]                        PROVIDE (end = .)
                0x0000000020000220                PROVIDE (_end = .)
                0x0000000020000420                . = (. + _Min_Heap_Size)
 *fill*         0x0000000020000220      0x200 
                0x0000000020000820                . = (. + _Min_Stack_Size)
 *fill*         0x0000000020000420      0x400 
                0x0000000020000820                . = ALIGN (0x8)

/DISCARD/
 libc.a(*)
 libm.a(*)
 libgcc.a(*)

.ARM.attributes
                0x0000000000000000       0x29
 *(.ARM.attributes)
 .ARM.attributes
                0x0000000000000000       0x1d c:/st/stm32cubeide_1.7.0/stm32cubeide/plugins/com.st.stm32cube.ide.mcu.externaltools.gnu-tools-for-stm32.9-2020-q2-update.win32_2.0.0.202105311346/tools/bin/../lib/gcc/arm-none-eabi/9.3.1/thumb/v7-m/nofp/crti.o
 .ARM.attributes
                0x000000000000001d       0x2d c:/st/stm32cubeide_1.7.0/stm32cubeide/plugins/com.st.stm32cube.ide.mcu.externaltools.gnu-tools-for-stm32.9-2020-q2-update.win32_2.0.0.202105311346/tools/bin/../lib/gcc/arm-none-eabi/9.3.1/thumb/v7-m/nofp/crtbegin.o
 .ARM.attributes
                0x000000000000004a       0x2d ./Core/Src/FSMLightModification.o
 .ARM.attributes
                0x0000000000000077       0x2d ./Core/Src/FSMModificationMode.o
 .ARM.attributes
                0x00000000000000a4       0x2d ./Core/Src/FSMNormalMode.o
 .ARM.attributes
                0x00000000000000d1       0x2d ./Core/Src/FSMPedestrianMode.o
 .ARM.attributes
                0x00000000000000fe       0x2d ./Core/Src/UART.o
 .ARM.attributes
                0x000000000000012b       0x2d ./Core/Src/button.o
 .ARM.attributes
                0x0000000000000158       0x2d ./Core/Src/global.o
 .ARM.attributes
                0x0000000000000185       0x2d ./Core/Src/main.o
 .ARM.attributes
                0x00000000000001b2       0x2d ./Core/Src/scheduler.o
 .ARM.attributes
                0x00000000000001df       0x2d ./Core/Src/softwareTimer.o
 .ARM.attributes
                0x000000000000020c       0x2d ./Core/Src/stm32f1xx_hal_msp.o
 .ARM.attributes
                0x0000000000000239       0x2d ./Core/Src/stm32f1xx_it.o
 .ARM.attributes
                0x0000000000000266       0x2d ./Core/Src/sysmem.o
 .ARM.attributes
                0x0000000000000293       0x2d ./Core/Src/system_stm32f1xx.o
 .ARM.attributes
                0x00000000000002c0       0x21 ./Core/Startup/startup_stm32f103c6ux.o
 .ARM.attributes
                0x00000000000002e1       0x2d ./Drivers/STM32F1xx_HAL_Driver/Src/stm32f1xx_hal.o
 .ARM.attributes
                0x000000000000030e       0x2d ./Drivers/STM32F1xx_HAL_Driver/Src/stm32f1xx_hal_cortex.o
 .ARM.attributes
                0x000000000000033b       0x2d ./Drivers/STM32F1xx_HAL_Driver/Src/stm32f1xx_hal_dma.o
 .ARM.attributes
                0x0000000000000368       0x2d ./Drivers/STM32F1xx_HAL_Driver/Src/stm32f1xx_hal_gpio.o
 .ARM.attributes
                0x0000000000000395       0x2d ./Drivers/STM32F1xx_HAL_Driver/Src/stm32f1xx_hal_rcc.o
 .ARM.attributes
                0x00000000000003c2       0x2d ./Drivers/STM32F1xx_HAL_Driver/Src/stm32f1xx_hal_tim.o
 .ARM.attributes
                0x00000000000003ef       0x2d ./Drivers/STM32F1xx_HAL_Driver/Src/stm32f1xx_hal_tim_ex.o
 .ARM.attributes
                0x000000000000041c       0x2d ./Drivers/STM32F1xx_HAL_Driver/Src/stm32f1xx_hal_uart.o
 .ARM.attributes
                0x0000000000000449       0x2d c:/st/stm32cubeide_1.7.0/stm32cubeide/plugins/com.st.stm32cube.ide.mcu.externaltools.gnu-tools-for-stm32.9-2020-q2-update.win32_2.0.0.202105311346/tools/bin/../lib/gcc/arm-none-eabi/9.3.1/../../../../arm-none-eabi/lib/thumb/v7-m/nofp\libc_nano.a(lib_a-errno.o)
 .ARM.attributes
                0x0000000000000476       0x2d c:/st/stm32cubeide_1.7.0/stm32cubeide/plugins/com.st.stm32cube.ide.mcu.externaltools.gnu-tools-for-stm32.9-2020-q2-update.win32_2.0.0.202105311346/tools/bin/../lib/gcc/arm-none-eabi/9.3.1/../../../../arm-none-eabi/lib/thumb/v7-m/nofp\libc_nano.a(lib_a-impure.o)
 .ARM.attributes
                0x00000000000004a3       0x2d c:/st/stm32cubeide_1.7.0/stm32cubeide/plugins/com.st.stm32cube.ide.mcu.externaltools.gnu-tools-for-stm32.9-2020-q2-update.win32_2.0.0.202105311346/tools/bin/../lib/gcc/arm-none-eabi/9.3.1/../../../../arm-none-eabi/lib/thumb/v7-m/nofp\libc_nano.a(lib_a-init.o)
 .ARM.attributes
                0x00000000000004d0       0x2d c:/st/stm32cubeide_1.7.0/stm32cubeide/plugins/com.st.stm32cube.ide.mcu.externaltools.gnu-tools-for-stm32.9-2020-q2-update.win32_2.0.0.202105311346/tools/bin/../lib/gcc/arm-none-eabi/9.3.1/../../../../arm-none-eabi/lib/thumb/v7-m/nofp\libc_nano.a(lib_a-malloc.o)
 .ARM.attributes
                0x00000000000004fd       0x2d c:/st/stm32cubeide_1.7.0/stm32cubeide/plugins/com.st.stm32cube.ide.mcu.externaltools.gnu-tools-for-stm32.9-2020-q2-update.win32_2.0.0.202105311346/tools/bin/../lib/gcc/arm-none-eabi/9.3.1/../../../../arm-none-eabi/lib/thumb/v7-m/nofp\libc_nano.a(lib_a-memset.o)
 .ARM.attributes
                0x000000000000052a       0x2d c:/st/stm32cubeide_1.7.0/stm32cubeide/plugins/com.st.stm32cube.ide.mcu.externaltools.gnu-tools-for-stm32.9-2020-q2-update.win32_2.0.0.202105311346/tools/bin/../lib/gcc/arm-none-eabi/9.3.1/../../../../arm-none-eabi/lib/thumb/v7-m/nofp\libc_nano.a(lib_a-nano-freer.o)
 .ARM.attributes
                0x0000000000000557       0x2d c:/st/stm32cubeide_1.7.0/stm32cubeide/plugins/com.st.stm32cube.ide.mcu.externaltools.gnu-tools-for-stm32.9-2020-q2-update.win32_2.0.0.202105311346/tools/bin/../lib/gcc/arm-none-eabi/9.3.1/../../../../arm-none-eabi/lib/thumb/v7-m/nofp\libc_nano.a(lib_a-nano-mallocr.o)
 .ARM.attributes
                0x0000000000000584       0x2d c:/st/stm32cubeide_1.7.0/stm32cubeide/plugins/com.st.stm32cube.ide.mcu.externaltools.gnu-tools-for-stm32.9-2020-q2-update.win32_2.0.0.202105311346/tools/bin/../lib/gcc/arm-none-eabi/9.3.1/../../../../arm-none-eabi/lib/thumb/v7-m/nofp\libc_nano.a(lib_a-sbrkr.o)
 .ARM.attributes
                0x00000000000005b1       0x2d c:/st/stm32cubeide_1.7.0/stm32cubeide/plugins/com.st.stm32cube.ide.mcu.externaltools.gnu-tools-for-stm32.9-2020-q2-update.win32_2.0.0.202105311346/tools/bin/../lib/gcc/arm-none-eabi/9.3.1/../../../../arm-none-eabi/lib/thumb/v7-m/nofp\libc_nano.a(lib_a-sprintf.o)
 .ARM.attributes
                0x00000000000005de       0x2d c:/st/stm32cubeide_1.7.0/stm32cubeide/plugins/com.st.stm32cube.ide.mcu.externaltools.gnu-tools-for-stm32.9-2020-q2-update.win32_2.0.0.202105311346/tools/bin/../lib/gcc/arm-none-eabi/9.3.1/../../../../arm-none-eabi/lib/thumb/v7-m/nofp\libc_nano.a(lib_a-mlock.o)
 .ARM.attributes
                0x000000000000060b       0x2d c:/st/stm32cubeide_1.7.0/stm32cubeide/plugins/com.st.stm32cube.ide.mcu.externaltools.gnu-tools-for-stm32.9-2020-q2-update.win32_2.0.0.202105311346/tools/bin/../lib/gcc/arm-none-eabi/9.3.1/../../../../arm-none-eabi/lib/thumb/v7-m/nofp\libc_nano.a(lib_a-nano-svfprintf.o)
 .ARM.attributes
                0x0000000000000638       0x2d c:/st/stm32cubeide_1.7.0/stm32cubeide/plugins/com.st.stm32cube.ide.mcu.externaltools.gnu-tools-for-stm32.9-2020-q2-update.win32_2.0.0.202105311346/tools/bin/../lib/gcc/arm-none-eabi/9.3.1/../../../../arm-none-eabi/lib/thumb/v7-m/nofp\libc_nano.a(lib_a-nano-vfprintf_i.o)
 .ARM.attributes
                0x0000000000000665       0x2d c:/st/stm32cubeide_1.7.0/stm32cubeide/plugins/com.st.stm32cube.ide.mcu.externaltools.gnu-tools-for-stm32.9-2020-q2-update.win32_2.0.0.202105311346/tools/bin/../lib/gcc/arm-none-eabi/9.3.1/../../../../arm-none-eabi/lib/thumb/v7-m/nofp\libc_nano.a(lib_a-reent.o)
 .ARM.attributes
                0x0000000000000692       0x2d c:/st/stm32cubeide_1.7.0/stm32cubeide/plugins/com.st.stm32cube.ide.mcu.externaltools.gnu-tools-for-stm32.9-2020-q2-update.win32_2.0.0.202105311346/tools/bin/../lib/gcc/arm-none-eabi/9.3.1/../../../../arm-none-eabi/lib/thumb/v7-m/nofp\libc_nano.a(lib_a-lock.o)
 .ARM.attributes
                0x00000000000006bf       0x2d c:/st/stm32cubeide_1.7.0/stm32cubeide/plugins/com.st.stm32cube.ide.mcu.externaltools.gnu-tools-for-stm32.9-2020-q2-update.win32_2.0.0.202105311346/tools/bin/../lib/gcc/arm-none-eabi/9.3.1/../../../../arm-none-eabi/lib/thumb/v7-m/nofp\libc_nano.a(lib_a-memchr-stub.o)
 .ARM.attributes
                0x00000000000006ec       0x2d c:/st/stm32cubeide_1.7.0/stm32cubeide/plugins/com.st.stm32cube.ide.mcu.externaltools.gnu-tools-for-stm32.9-2020-q2-update.win32_2.0.0.202105311346/tools/bin/../lib/gcc/arm-none-eabi/9.3.1/../../../../arm-none-eabi/lib/thumb/v7-m/nofp\libc_nano.a(lib_a-memcpy-stub.o)
 .ARM.attributes
                0x0000000000000719       0x2d c:/st/stm32cubeide_1.7.0/stm32cubeide/plugins/com.st.stm32cube.ide.mcu.externaltools.gnu-tools-for-stm32.9-2020-q2-update.win32_2.0.0.202105311346/tools/bin/../lib/gcc/arm-none-eabi/9.3.1/../../../../arm-none-eabi/lib/thumb/v7-m/nofp\libc_nano.a(lib_a-memmove.o)
 .ARM.attributes
                0x0000000000000746       0x2d c:/st/stm32cubeide_1.7.0/stm32cubeide/plugins/com.st.stm32cube.ide.mcu.externaltools.gnu-tools-for-stm32.9-2020-q2-update.win32_2.0.0.202105311346/tools/bin/../lib/gcc/arm-none-eabi/9.3.1/../../../../arm-none-eabi/lib/thumb/v7-m/nofp\libc_nano.a(lib_a-nano-reallocr.o)
 .ARM.attributes
                0x0000000000000773       0x2d c:/st/stm32cubeide_1.7.0/stm32cubeide/plugins/com.st.stm32cube.ide.mcu.externaltools.gnu-tools-for-stm32.9-2020-q2-update.win32_2.0.0.202105311346/tools/bin/../lib/gcc/arm-none-eabi/9.3.1/../../../../arm-none-eabi/lib/thumb/v7-m/nofp\libc_nano.a(lib_a-nano-msizer.o)
 .ARM.attributes
                0x00000000000007a0       0x1d c:/st/stm32cubeide_1.7.0/stm32cubeide/plugins/com.st.stm32cube.ide.mcu.externaltools.gnu-tools-for-stm32.9-2020-q2-update.win32_2.0.0.202105311346/tools/bin/../lib/gcc/arm-none-eabi/9.3.1/thumb/v7-m/nofp/crtn.o
OUTPUT(TEST_MCU_PROJECT.elf elf32-littlearm)
LOAD linker stubs
LOAD c:/st/stm32cubeide_1.7.0/stm32cubeide/plugins/com.st.stm32cube.ide.mcu.externaltools.gnu-tools-for-stm32.9-2020-q2-update.win32_2.0.0.202105311346/tools/bin/../lib/gcc/arm-none-eabi/9.3.1/../../../../arm-none-eabi/lib/thumb/v7-m/nofp\libc.a
LOAD c:/st/stm32cubeide_1.7.0/stm32cubeide/plugins/com.st.stm32cube.ide.mcu.externaltools.gnu-tools-for-stm32.9-2020-q2-update.win32_2.0.0.202105311346/tools/bin/../lib/gcc/arm-none-eabi/9.3.1/../../../../arm-none-eabi/lib/thumb/v7-m/nofp\libm.a
LOAD c:/st/stm32cubeide_1.7.0/stm32cubeide/plugins/com.st.stm32cube.ide.mcu.externaltools.gnu-tools-for-stm32.9-2020-q2-update.win32_2.0.0.202105311346/tools/bin/../lib/gcc/arm-none-eabi/9.3.1/thumb/v7-m/nofp\libgcc.a

.debug_info     0x0000000000000000    0x1380c
 .debug_info    0x0000000000000000      0xb8e ./Core/Src/FSMLightModification.o
 .debug_info    0x0000000000000b8e      0xb8e ./Core/Src/FSMModificationMode.o
 .debug_info    0x000000000000171c      0xb21 ./Core/Src/FSMNormalMode.o
 .debug_info    0x000000000000223d      0xb57 ./Core/Src/FSMPedestrianMode.o
 .debug_info    0x0000000000002d94     0x1069 ./Core/Src/UART.o
 .debug_info    0x0000000000003dfd      0x459 ./Core/Src/button.o
 .debug_info    0x0000000000004256      0xd37 ./Core/Src/global.o
 .debug_info    0x0000000000004f8d     0x189b ./Core/Src/main.o
 .debug_info    0x0000000000006828      0xa90 ./Core/Src/scheduler.o
 .debug_info    0x00000000000072b8      0x186 ./Core/Src/softwareTimer.o
 .debug_info    0x000000000000743e      0xe3d ./Core/Src/stm32f1xx_hal_msp.o
 .debug_info    0x000000000000827b      0xa4b ./Core/Src/stm32f1xx_it.o
 .debug_info    0x0000000000008cc6      0xa25 ./Core/Src/sysmem.o
 .debug_info    0x00000000000096eb      0x2be ./Core/Src/system_stm32f1xx.o
 .debug_info    0x00000000000099a9       0x22 ./Core/Startup/startup_stm32f103c6ux.o
 .debug_info    0x00000000000099cb      0x74c ./Drivers/STM32F1xx_HAL_Driver/Src/stm32f1xx_hal.o
 .debug_info    0x000000000000a117      0xbbe ./Drivers/STM32F1xx_HAL_Driver/Src/stm32f1xx_hal_cortex.o
 .debug_info    0x000000000000acd5      0x823 ./Drivers/STM32F1xx_HAL_Driver/Src/stm32f1xx_hal_dma.o
 .debug_info    0x000000000000b4f8      0x701 ./Drivers/STM32F1xx_HAL_Driver/Src/stm32f1xx_hal_gpio.o
 .debug_info    0x000000000000bbf9      0x893 ./Drivers/STM32F1xx_HAL_Driver/Src/stm32f1xx_hal_rcc.o
 .debug_info    0x000000000000c48c     0x2c12 ./Drivers/STM32F1xx_HAL_Driver/Src/stm32f1xx_hal_tim.o
 .debug_info    0x000000000000f09e     0x157f ./Drivers/STM32F1xx_HAL_Driver/Src/stm32f1xx_hal_tim_ex.o
 .debug_info    0x000000000001061d     0x31ef ./Drivers/STM32F1xx_HAL_Driver/Src/stm32f1xx_hal_uart.o

.debug_abbrev   0x0000000000000000     0x2cb8
 .debug_abbrev  0x0000000000000000      0x1f4 ./Core/Src/FSMLightModification.o
 .debug_abbrev  0x00000000000001f4      0x1f4 ./Core/Src/FSMModificationMode.o
 .debug_abbrev  0x00000000000003e8      0x1c8 ./Core/Src/FSMNormalMode.o
 .debug_abbrev  0x00000000000005b0      0x1e0 ./Core/Src/FSMPedestrianMode.o
 .debug_abbrev  0x0000000000000790      0x215 ./Core/Src/UART.o
 .debug_abbrev  0x00000000000009a5      0x13b ./Core/Src/button.o
 .debug_abbrev  0x0000000000000ae0      0x234 ./Core/Src/global.o
 .debug_abbrev  0x0000000000000d14      0x311 ./Core/Src/main.o
 .debug_abbrev  0x0000000000001025      0x225 ./Core/Src/scheduler.o
 .debug_abbrev  0x000000000000124a       0xc3 ./Core/Src/softwareTimer.o
 .debug_abbrev  0x000000000000130d      0x1e4 ./Core/Src/stm32f1xx_hal_msp.o
 .debug_abbrev  0x00000000000014f1      0x176 ./Core/Src/stm32f1xx_it.o
 .debug_abbrev  0x0000000000001667      0x1bf ./Core/Src/sysmem.o
 .debug_abbrev  0x0000000000001826      0x14e ./Core/Src/system_stm32f1xx.o
 .debug_abbrev  0x0000000000001974       0x12 ./Core/Startup/startup_stm32f103c6ux.o
 .debug_abbrev  0x0000000000001986      0x1ed ./Drivers/STM32F1xx_HAL_Driver/Src/stm32f1xx_hal.o
 .debug_abbrev  0x0000000000001b73      0x313 ./Drivers/STM32F1xx_HAL_Driver/Src/stm32f1xx_hal_cortex.o
 .debug_abbrev  0x0000000000001e86      0x228 ./Drivers/STM32F1xx_HAL_Driver/Src/stm32f1xx_hal_dma.o
 .debug_abbrev  0x00000000000020ae      0x1e8 ./Drivers/STM32F1xx_HAL_Driver/Src/stm32f1xx_hal_gpio.o
 .debug_abbrev  0x0000000000002296      0x273 ./Drivers/STM32F1xx_HAL_Driver/Src/stm32f1xx_hal_rcc.o
 .debug_abbrev  0x0000000000002509      0x25e ./Drivers/STM32F1xx_HAL_Driver/Src/stm32f1xx_hal_tim.o
 .debug_abbrev  0x0000000000002767      0x266 ./Drivers/STM32F1xx_HAL_Driver/Src/stm32f1xx_hal_tim_ex.o
 .debug_abbrev  0x00000000000029cd      0x2eb ./Drivers/STM32F1xx_HAL_Driver/Src/stm32f1xx_hal_uart.o

.debug_aranges  0x0000000000000000      0xe58
 .debug_aranges
                0x0000000000000000       0x20 ./Core/Src/FSMLightModification.o
 .debug_aranges
                0x0000000000000020       0x20 ./Core/Src/FSMModificationMode.o
 .debug_aranges
                0x0000000000000040       0x20 ./Core/Src/FSMNormalMode.o
 .debug_aranges
                0x0000000000000060       0x30 ./Core/Src/FSMPedestrianMode.o
 .debug_aranges
                0x0000000000000090       0x48 ./Core/Src/UART.o
 .debug_aranges
                0x00000000000000d8       0x60 ./Core/Src/button.o
 .debug_aranges
                0x0000000000000138       0x98 ./Core/Src/global.o
 .debug_aranges
                0x00000000000001d0       0x58 ./Core/Src/main.o
 .debug_aranges
                0x0000000000000228       0x38 ./Core/Src/scheduler.o
 .debug_aranges
                0x0000000000000260       0x40 ./Core/Src/softwareTimer.o
 .debug_aranges
                0x00000000000002a0       0x50 ./Core/Src/stm32f1xx_hal_msp.o
 .debug_aranges
                0x00000000000002f0       0x70 ./Core/Src/stm32f1xx_it.o
 .debug_aranges
                0x0000000000000360       0x20 ./Core/Src/sysmem.o
 .debug_aranges
                0x0000000000000380       0x28 ./Core/Src/system_stm32f1xx.o
 .debug_aranges
                0x00000000000003a8       0x28 ./Core/Startup/startup_stm32f103c6ux.o
 .debug_aranges
                0x00000000000003d0       0xe0 ./Drivers/STM32F1xx_HAL_Driver/Src/stm32f1xx_hal.o
 .debug_aranges
                0x00000000000004b0      0x100 ./Drivers/STM32F1xx_HAL_Driver/Src/stm32f1xx_hal_cortex.o
 .debug_aranges
                0x00000000000005b0       0x80 ./Drivers/STM32F1xx_HAL_Driver/Src/stm32f1xx_hal_dma.o
 .debug_aranges
                0x0000000000000630       0x58 ./Drivers/STM32F1xx_HAL_Driver/Src/stm32f1xx_hal_gpio.o
 .debug_aranges
                0x0000000000000688       0x90 ./Drivers/STM32F1xx_HAL_Driver/Src/stm32f1xx_hal_rcc.o
 .debug_aranges
                0x0000000000000718      0x3d0 ./Drivers/STM32F1xx_HAL_Driver/Src/stm32f1xx_hal_tim.o
 .debug_aranges
                0x0000000000000ae8      0x168 ./Drivers/STM32F1xx_HAL_Driver/Src/stm32f1xx_hal_tim_ex.o
 .debug_aranges
                0x0000000000000c50      0x208 ./Drivers/STM32F1xx_HAL_Driver/Src/stm32f1xx_hal_uart.o

.debug_ranges   0x0000000000000000      0xd20
 .debug_ranges  0x0000000000000000       0x10 ./Core/Src/FSMLightModification.o
 .debug_ranges  0x0000000000000010       0x10 ./Core/Src/FSMModificationMode.o
 .debug_ranges  0x0000000000000020       0x10 ./Core/Src/FSMNormalMode.o
 .debug_ranges  0x0000000000000030       0x20 ./Core/Src/FSMPedestrianMode.o
 .debug_ranges  0x0000000000000050       0x38 ./Core/Src/UART.o
 .debug_ranges  0x0000000000000088       0x50 ./Core/Src/button.o
 .debug_ranges  0x00000000000000d8       0x88 ./Core/Src/global.o
 .debug_ranges  0x0000000000000160       0x48 ./Core/Src/main.o
 .debug_ranges  0x00000000000001a8       0x28 ./Core/Src/scheduler.o
 .debug_ranges  0x00000000000001d0       0x30 ./Core/Src/softwareTimer.o
 .debug_ranges  0x0000000000000200       0x40 ./Core/Src/stm32f1xx_hal_msp.o
 .debug_ranges  0x0000000000000240       0x60 ./Core/Src/stm32f1xx_it.o
 .debug_ranges  0x00000000000002a0       0x10 ./Core/Src/sysmem.o
 .debug_ranges  0x00000000000002b0       0x18 ./Core/Src/system_stm32f1xx.o
 .debug_ranges  0x00000000000002c8       0x20 ./Core/Startup/startup_stm32f103c6ux.o
 .debug_ranges  0x00000000000002e8       0xd0 ./Drivers/STM32F1xx_HAL_Driver/Src/stm32f1xx_hal.o
 .debug_ranges  0x00000000000003b8       0xf0 ./Drivers/STM32F1xx_HAL_Driver/Src/stm32f1xx_hal_cortex.o
 .debug_ranges  0x00000000000004a8       0x70 ./Drivers/STM32F1xx_HAL_Driver/Src/stm32f1xx_hal_dma.o
 .debug_ranges  0x0000000000000518       0x48 ./Drivers/STM32F1xx_HAL_Driver/Src/stm32f1xx_hal_gpio.o
 .debug_ranges  0x0000000000000560       0x80 ./Drivers/STM32F1xx_HAL_Driver/Src/stm32f1xx_hal_rcc.o
 .debug_ranges  0x00000000000005e0      0x3c0 ./Drivers/STM32F1xx_HAL_Driver/Src/stm32f1xx_hal_tim.o
 .debug_ranges  0x00000000000009a0      0x158 ./Drivers/STM32F1xx_HAL_Driver/Src/stm32f1xx_hal_tim_ex.o
 .debug_ranges  0x0000000000000af8      0x228 ./Drivers/STM32F1xx_HAL_Driver/Src/stm32f1xx_hal_uart.o

.debug_macro    0x0000000000000000    0x196ea
 .debug_macro   0x0000000000000000      0x3ad ./Core/Src/FSMLightModification.o
 .debug_macro   0x00000000000003ad      0xa9c ./Core/Src/FSMLightModification.o
 .debug_macro   0x0000000000000e49      0x21b ./Core/Src/FSMLightModification.o
 .debug_macro   0x0000000000001064       0x2e ./Core/Src/FSMLightModification.o
 .debug_macro   0x0000000000001092       0x22 ./Core/Src/FSMLightModification.o
 .debug_macro   0x00000000000010b4       0x22 ./Core/Src/FSMLightModification.o
 .debug_macro   0x00000000000010d6       0x8e ./Core/Src/FSMLightModification.o
 .debug_macro   0x0000000000001164       0x51 ./Core/Src/FSMLightModification.o
 .debug_macro   0x00000000000011b5      0x103 ./Core/Src/FSMLightModification.o
 .debug_macro   0x00000000000012b8       0x6a ./Core/Src/FSMLightModification.o
 .debug_macro   0x0000000000001322      0x1df ./Core/Src/FSMLightModification.o
 .debug_macro   0x0000000000001501       0x1c ./Core/Src/FSMLightModification.o
 .debug_macro   0x000000000000151d       0x22 ./Core/Src/FSMLightModification.o
 .debug_macro   0x000000000000153f       0xc3 ./Core/Src/FSMLightModification.o
 .debug_macro   0x0000000000001602      0xd23 ./Core/Src/FSMLightModification.o
 .debug_macro   0x0000000000002325     0xde75 ./Core/Src/FSMLightModification.o
 .debug_macro   0x000000000001019a       0x6d ./Core/Src/FSMLightModification.o
 .debug_macro   0x0000000000010207     0x348d ./Core/Src/FSMLightModification.o
 .debug_macro   0x0000000000013694      0x174 ./Core/Src/FSMLightModification.o
 .debug_macro   0x0000000000013808       0x5c ./Core/Src/FSMLightModification.o
 .debug_macro   0x0000000000013864      0x5bc ./Core/Src/FSMLightModification.o
 .debug_macro   0x0000000000013e20      0x1b7 ./Core/Src/FSMLightModification.o
 .debug_macro   0x0000000000013fd7      0x1cb ./Core/Src/FSMLightModification.o
 .debug_macro   0x00000000000141a2      0x114 ./Core/Src/FSMLightModification.o
 .debug_macro   0x00000000000142b6      0x1b2 ./Core/Src/FSMLightModification.o
 .debug_macro   0x0000000000014468       0x27 ./Core/Src/FSMLightModification.o
 .debug_macro   0x000000000001448f      0x12f ./Core/Src/FSMLightModification.o
 .debug_macro   0x00000000000145be      0x1bc ./Core/Src/FSMLightModification.o
 .debug_macro   0x000000000001477a       0x34 ./Core/Src/FSMLightModification.o
 .debug_macro   0x00000000000147ae       0x3c ./Core/Src/FSMLightModification.o
 .debug_macro   0x00000000000147ea       0x57 ./Core/Src/FSMLightModification.o
 .debug_macro   0x0000000000014841       0x87 ./Core/Src/FSMLightModification.o
 .debug_macro   0x00000000000148c8      0x183 ./Core/Src/FSMLightModification.o
 .debug_macro   0x0000000000014a4b      0x140 ./Core/Src/FSMLightModification.o
 .debug_macro   0x0000000000014b8b      0x8ed ./Core/Src/FSMLightModification.o
 .debug_macro   0x0000000000015478      0x28e ./Core/Src/FSMLightModification.o
 .debug_macro   0x0000000000015706       0x69 ./Core/Src/FSMLightModification.o
 .debug_macro   0x000000000001576f       0x7c ./Core/Src/FSMLightModification.o
 .debug_macro   0x00000000000157eb       0x10 ./Core/Src/FSMLightModification.o
 .debug_macro   0x00000000000157fb       0x10 ./Core/Src/FSMLightModification.o
 .debug_macro   0x000000000001580b       0x18 ./Core/Src/FSMLightModification.o
 .debug_macro   0x0000000000015823       0x52 ./Core/Src/FSMLightModification.o
 .debug_macro   0x0000000000015875       0x3c ./Core/Src/FSMLightModification.o
 .debug_macro   0x00000000000158b1       0x34 ./Core/Src/FSMLightModification.o
 .debug_macro   0x00000000000158e5       0x16 ./Core/Src/FSMLightModification.o
 .debug_macro   0x00000000000158fb       0x35 ./Core/Src/FSMLightModification.o
 .debug_macro   0x0000000000015930       0x16 ./Core/Src/FSMLightModification.o
 .debug_macro   0x0000000000015946       0x43 ./Core/Src/FSMLightModification.o
 .debug_macro   0x0000000000015989       0x34 ./Core/Src/FSMLightModification.o
 .debug_macro   0x00000000000159bd       0x10 ./Core/Src/FSMLightModification.o
 .debug_macro   0x00000000000159cd       0x58 ./Core/Src/FSMLightModification.o
 .debug_macro   0x0000000000015a25       0x71 ./Core/Src/FSMLightModification.o
 .debug_macro   0x0000000000015a96       0x1c ./Core/Src/FSMLightModification.o
 .debug_macro   0x0000000000015ab2      0x12a ./Core/Src/FSMLightModification.o
 .debug_macro   0x0000000000015bdc      0x333 ./Core/Src/FSMLightModification.o
 .debug_macro   0x0000000000015f0f       0x16 ./Core/Src/FSMLightModification.o
 .debug_macro   0x0000000000015f25       0x29 ./Core/Src/FSMLightModification.o
 .debug_macro   0x0000000000015f4e       0x10 ./Core/Src/FSMLightModification.o
 .debug_macro   0x0000000000015f5e       0x1c ./Core/Src/FSMLightModification.o
 .debug_macro   0x0000000000015f7a       0x10 ./Core/Src/FSMLightModification.o
 .debug_macro   0x0000000000015f8a       0x10 ./Core/Src/FSMLightModification.o
 .debug_macro   0x0000000000015f9a       0x1c ./Core/Src/FSMLightModification.o
 .debug_macro   0x0000000000015fb6       0x52 ./Core/Src/FSMLightModification.o
 .debug_macro   0x0000000000016008       0x22 ./Core/Src/FSMLightModification.o
 .debug_macro   0x000000000001602a       0x10 ./Core/Src/FSMLightModification.o
 .debug_macro   0x000000000001603a       0x40 ./Core/Src/FSMLightModification.o
 .debug_macro   0x000000000001607a       0xd5 ./Core/Src/FSMLightModification.o
 .debug_macro   0x000000000001614f       0x1c ./Core/Src/FSMLightModification.o
 .debug_macro   0x000000000001616b       0x3d ./Core/Src/FSMLightModification.o
 .debug_macro   0x00000000000161a8       0x16 ./Core/Src/FSMLightModification.o
 .debug_macro   0x00000000000161be      0x145 ./Core/Src/FSMLightModification.o
 .debug_macro   0x0000000000016303       0x7c ./Core/Src/FSMLightModification.o
 .debug_macro   0x000000000001637f      0x3ad ./Core/Src/FSMModificationMode.o
 .debug_macro   0x000000000001672c      0x3b3 ./Core/Src/FSMNormalMode.o
 .debug_macro   0x0000000000016adf      0x3b4 ./Core/Src/FSMPedestrianMode.o
 .debug_macro   0x0000000000016e93      0x30a ./Core/Src/UART.o
 .debug_macro   0x000000000001719d       0x16 ./Core/Src/UART.o
 .debug_macro   0x00000000000171b3      0x1bf ./Core/Src/button.o
 .debug_macro   0x0000000000017372      0x3a9 ./Core/Src/global.o
 .debug_macro   0x000000000001771b      0x3ad ./Core/Src/main.o
 .debug_macro   0x0000000000017ac8      0x143 ./Core/Src/scheduler.o
 .debug_macro   0x0000000000017c0b      0x10e ./Core/Src/scheduler.o
 .debug_macro   0x0000000000017d19       0x8d ./Core/Src/scheduler.o
 .debug_macro   0x0000000000017da6      0x339 ./Core/Src/scheduler.o
 .debug_macro   0x00000000000180df       0x1b ./Core/Src/softwareTimer.o
 .debug_macro   0x00000000000180fa      0x1b0 ./Core/Src/stm32f1xx_hal_msp.o
 .debug_macro   0x00000000000182aa      0x1ba ./Core/Src/stm32f1xx_it.o
 .debug_macro   0x0000000000018464       0xff ./Core/Src/sysmem.o
 .debug_macro   0x0000000000018563      0x23b ./Core/Src/sysmem.o
 .debug_macro   0x000000000001879e      0x1a1 ./Core/Src/system_stm32f1xx.o
 .debug_macro   0x000000000001893f      0x1c5 ./Drivers/STM32F1xx_HAL_Driver/Src/stm32f1xx_hal.o
 .debug_macro   0x0000000000018b04      0x1a1 ./Drivers/STM32F1xx_HAL_Driver/Src/stm32f1xx_hal_cortex.o
 .debug_macro   0x0000000000018ca5      0x1a1 ./Drivers/STM32F1xx_HAL_Driver/Src/stm32f1xx_hal_dma.o
 .debug_macro   0x0000000000018e46      0x20c ./Drivers/STM32F1xx_HAL_Driver/Src/stm32f1xx_hal_gpio.o
 .debug_macro   0x0000000000019052      0x1b3 ./Drivers/STM32F1xx_HAL_Driver/Src/stm32f1xx_hal_rcc.o
 .debug_macro   0x0000000000019205      0x1a2 ./Drivers/STM32F1xx_HAL_Driver/Src/stm32f1xx_hal_tim.o
 .debug_macro   0x00000000000193a7      0x1a1 ./Drivers/STM32F1xx_HAL_Driver/Src/stm32f1xx_hal_tim_ex.o
 .debug_macro   0x0000000000019548      0x1a2 ./Drivers/STM32F1xx_HAL_Driver/Src/stm32f1xx_hal_uart.o

.debug_line     0x0000000000000000    0x11e11
 .debug_line    0x0000000000000000      0x9ea ./Core/Src/FSMLightModification.o
 .debug_line    0x00000000000009ea      0x9f5 ./Core/Src/FSMModificationMode.o
 .debug_line    0x00000000000013df      0xa5c ./Core/Src/FSMNormalMode.o
 .debug_line    0x0000000000001e3b      0x9d0 ./Core/Src/FSMPedestrianMode.o
 .debug_line    0x000000000000280b      0x8e0 ./Core/Src/UART.o
 .debug_line    0x00000000000030eb      0x86a ./Core/Src/button.o
 .debug_line    0x0000000000003955      0xad1 ./Core/Src/global.o
 .debug_line    0x0000000000004426      0xaf6 ./Core/Src/main.o
 .debug_line    0x0000000000004f1c      0x607 ./Core/Src/scheduler.o
 .debug_line    0x0000000000005523      0x122 ./Core/Src/softwareTimer.o
 .debug_line    0x0000000000005645      0x747 ./Core/Src/stm32f1xx_hal_msp.o
 .debug_line    0x0000000000005d8c      0x76f ./Core/Src/stm32f1xx_it.o
 .debug_line    0x00000000000064fb      0x4f8 ./Core/Src/sysmem.o
 .debug_line    0x00000000000069f3      0x6fb ./Core/Src/system_stm32f1xx.o
 .debug_line    0x00000000000070ee       0x86 ./Core/Startup/startup_stm32f103c6ux.o
 .debug_line    0x0000000000007174      0x928 ./Drivers/STM32F1xx_HAL_Driver/Src/stm32f1xx_hal.o
 .debug_line    0x0000000000007a9c      0xb10 ./Drivers/STM32F1xx_HAL_Driver/Src/stm32f1xx_hal_cortex.o
 .debug_line    0x00000000000085ac      0xd81 ./Drivers/STM32F1xx_HAL_Driver/Src/stm32f1xx_hal_dma.o
 .debug_line    0x000000000000932d      0x9ab ./Drivers/STM32F1xx_HAL_Driver/Src/stm32f1xx_hal_gpio.o
 .debug_line    0x0000000000009cd8      0xd34 ./Drivers/STM32F1xx_HAL_Driver/Src/stm32f1xx_hal_rcc.o
 .debug_line    0x000000000000aa0c     0x335e ./Drivers/STM32F1xx_HAL_Driver/Src/stm32f1xx_hal_tim.o
 .debug_line    0x000000000000dd6a     0x184e ./Drivers/STM32F1xx_HAL_Driver/Src/stm32f1xx_hal_tim_ex.o
 .debug_line    0x000000000000f5b8     0x2859 ./Drivers/STM32F1xx_HAL_Driver/Src/stm32f1xx_hal_uart.o

.debug_str      0x0000000000000000    0x893b4
 .debug_str     0x0000000000000000    0x855a3 ./Core/Src/FSMLightModification.o
                                      0x85994 (size before relaxing)
 .debug_str     0x00000000000855a3       0x39 ./Core/Src/FSMModificationMode.o
                                      0x85995 (size before relaxing)
 .debug_str     0x00000000000855dc       0x43 ./Core/Src/FSMNormalMode.o
                                      0x85976 (size before relaxing)
 .debug_str     0x000000000008561f       0x5d ./Core/Src/FSMPedestrianMode.o
                                      0x85990 (size before relaxing)
 .debug_str     0x000000000008567c      0x3f8 ./Core/Src/UART.o
                                      0x857dc (size before relaxing)
 .debug_str     0x0000000000085a74      0x198 ./Core/Src/button.o
                                      0x81688 (size before relaxing)
 .debug_str     0x0000000000085c0c      0x13d ./Core/Src/global.o
                                      0x85aa1 (size before relaxing)
 .debug_str     0x0000000000085d49      0x5c4 ./Core/Src/main.o
                                      0x863aa (size before relaxing)
 .debug_str     0x000000000008630d       0x9e ./Core/Src/scheduler.o
                                       0x7325 (size before relaxing)
 .debug_str     0x00000000000863ab       0x74 ./Core/Src/softwareTimer.o
                                       0x2e4f (size before relaxing)
 .debug_str     0x000000000008641f      0x317 ./Core/Src/stm32f1xx_hal_msp.o
                                      0x81f50 (size before relaxing)
 .debug_str     0x0000000000086736       0xdf ./Core/Src/stm32f1xx_it.o
                                      0x81c2b (size before relaxing)
 .debug_str     0x0000000000086815      0x4e9 ./Core/Src/sysmem.o
                                       0x6258 (size before relaxing)
 .debug_str     0x0000000000086cfe       0x52 ./Core/Src/system_stm32f1xx.o
                                      0x81325 (size before relaxing)
 .debug_str     0x0000000000086d50       0x78 ./Core/Startup/startup_stm32f103c6ux.o
 .debug_str     0x0000000000086dc8      0x304 ./Drivers/STM32F1xx_HAL_Driver/Src/stm32f1xx_hal.o
                                      0x8197c (size before relaxing)
 .debug_str     0x00000000000870cc      0x300 ./Drivers/STM32F1xx_HAL_Driver/Src/stm32f1xx_hal_cortex.o
                                      0x81984 (size before relaxing)
 .debug_str     0x00000000000873cc      0x230 ./Drivers/STM32F1xx_HAL_Driver/Src/stm32f1xx_hal_dma.o
                                      0x81700 (size before relaxing)
 .debug_str     0x00000000000875fc      0x31f ./Drivers/STM32F1xx_HAL_Driver/Src/stm32f1xx_hal_gpio.o
                                      0x816e9 (size before relaxing)
 .debug_str     0x000000000008791b      0x24f ./Drivers/STM32F1xx_HAL_Driver/Src/stm32f1xx_hal_rcc.o
                                      0x81722 (size before relaxing)
 .debug_str     0x0000000000087b6a      0xd3e ./Drivers/STM32F1xx_HAL_Driver/Src/stm32f1xx_hal_tim.o
                                      0x826fb (size before relaxing)
 .debug_str     0x00000000000888a8      0x4ee ./Drivers/STM32F1xx_HAL_Driver/Src/stm32f1xx_hal_tim_ex.o
                                      0x81eac (size before relaxing)
 .debug_str     0x0000000000088d96      0x61e ./Drivers/STM32F1xx_HAL_Driver/Src/stm32f1xx_hal_uart.o
                                      0x81d7a (size before relaxing)

.comment        0x0000000000000000       0x53
 .comment       0x0000000000000000       0x53 ./Core/Src/FSMLightModification.o
                                         0x54 (size before relaxing)
 .comment       0x0000000000000053       0x54 ./Core/Src/FSMModificationMode.o
 .comment       0x0000000000000053       0x54 ./Core/Src/FSMNormalMode.o
 .comment       0x0000000000000053       0x54 ./Core/Src/FSMPedestrianMode.o
 .comment       0x0000000000000053       0x54 ./Core/Src/UART.o
 .comment       0x0000000000000053       0x54 ./Core/Src/button.o
 .comment       0x0000000000000053       0x54 ./Core/Src/global.o
 .comment       0x0000000000000053       0x54 ./Core/Src/main.o
 .comment       0x0000000000000053       0x54 ./Core/Src/scheduler.o
 .comment       0x0000000000000053       0x54 ./Core/Src/softwareTimer.o
 .comment       0x0000000000000053       0x54 ./Core/Src/stm32f1xx_hal_msp.o
 .comment       0x0000000000000053       0x54 ./Core/Src/stm32f1xx_it.o
 .comment       0x0000000000000053       0x54 ./Core/Src/sysmem.o
 .comment       0x0000000000000053       0x54 ./Core/Src/system_stm32f1xx.o
 .comment       0x0000000000000053       0x54 ./Drivers/STM32F1xx_HAL_Driver/Src/stm32f1xx_hal.o
 .comment       0x0000000000000053       0x54 ./Drivers/STM32F1xx_HAL_Driver/Src/stm32f1xx_hal_cortex.o
 .comment       0x0000000000000053       0x54 ./Drivers/STM32F1xx_HAL_Driver/Src/stm32f1xx_hal_dma.o
 .comment       0x0000000000000053       0x54 ./Drivers/STM32F1xx_HAL_Driver/Src/stm32f1xx_hal_gpio.o
 .comment       0x0000000000000053       0x54 ./Drivers/STM32F1xx_HAL_Driver/Src/stm32f1xx_hal_rcc.o
 .comment       0x0000000000000053       0x54 ./Drivers/STM32F1xx_HAL_Driver/Src/stm32f1xx_hal_tim.o
 .comment       0x0000000000000053       0x54 ./Drivers/STM32F1xx_HAL_Driver/Src/stm32f1xx_hal_tim_ex.o
 .comment       0x0000000000000053       0x54 ./Drivers/STM32F1xx_HAL_Driver/Src/stm32f1xx_hal_uart.o

.debug_frame    0x0000000000000000     0x3cd8
 .debug_frame   0x0000000000000000       0x2c ./Core/Src/FSMLightModification.o
 .debug_frame   0x000000000000002c       0x2c ./Core/Src/FSMModificationMode.o
 .debug_frame   0x0000000000000058       0x2c ./Core/Src/FSMNormalMode.o
 .debug_frame   0x0000000000000084       0x6c ./Core/Src/FSMPedestrianMode.o
 .debug_frame   0x00000000000000f0       0xe4 ./Core/Src/UART.o
 .debug_frame   0x00000000000001d4      0x12c ./Core/Src/button.o
 .debug_frame   0x0000000000000300      0x1e0 ./Core/Src/global.o
 .debug_frame   0x00000000000004e0      0x114 ./Core/Src/main.o
 .debug_frame   0x00000000000005f4       0x9c ./Core/Src/scheduler.o
 .debug_frame   0x0000000000000690       0xd0 ./Core/Src/softwareTimer.o
 .debug_frame   0x0000000000000760      0x118 ./Core/Src/stm32f1xx_hal_msp.o
 .debug_frame   0x0000000000000878      0x13c ./Core/Src/stm32f1xx_it.o
 .debug_frame   0x00000000000009b4       0x34 ./Core/Src/sysmem.o
 .debug_frame   0x00000000000009e8       0x58 ./Core/Src/system_stm32f1xx.o
 .debug_frame   0x0000000000000a40      0x334 ./Drivers/STM32F1xx_HAL_Driver/Src/stm32f1xx_hal.o
 .debug_frame   0x0000000000000d74      0x428 ./Drivers/STM32F1xx_HAL_Driver/Src/stm32f1xx_hal_cortex.o
 .debug_frame   0x000000000000119c      0x208 ./Drivers/STM32F1xx_HAL_Driver/Src/stm32f1xx_hal_dma.o
 .debug_frame   0x00000000000013a4      0x14c ./Drivers/STM32F1xx_HAL_Driver/Src/stm32f1xx_hal_gpio.o
 .debug_frame   0x00000000000014f0      0x218 ./Drivers/STM32F1xx_HAL_Driver/Src/stm32f1xx_hal_rcc.o
 .debug_frame   0x0000000000001708     0x11b8 ./Drivers/STM32F1xx_HAL_Driver/Src/stm32f1xx_hal_tim.o
 .debug_frame   0x00000000000028c0      0x638 ./Drivers/STM32F1xx_HAL_Driver/Src/stm32f1xx_hal_tim_ex.o
 .debug_frame   0x0000000000002ef8      0x944 ./Drivers/STM32F1xx_HAL_Driver/Src/stm32f1xx_hal_uart.o
 .debug_frame   0x000000000000383c       0x20 c:/st/stm32cubeide_1.7.0/stm32cubeide/plugins/com.st.stm32cube.ide.mcu.externaltools.gnu-tools-for-stm32.9-2020-q2-update.win32_2.0.0.202105311346/tools/bin/../lib/gcc/arm-none-eabi/9.3.1/../../../../arm-none-eabi/lib/thumb/v7-m/nofp\libc_nano.a(lib_a-errno.o)
 .debug_frame   0x000000000000385c       0x2c c:/st/stm32cubeide_1.7.0/stm32cubeide/plugins/com.st.stm32cube.ide.mcu.externaltools.gnu-tools-for-stm32.9-2020-q2-update.win32_2.0.0.202105311346/tools/bin/../lib/gcc/arm-none-eabi/9.3.1/../../../../arm-none-eabi/lib/thumb/v7-m/nofp\libc_nano.a(lib_a-init.o)
 .debug_frame   0x0000000000003888       0x30 c:/st/stm32cubeide_1.7.0/stm32cubeide/plugins/com.st.stm32cube.ide.mcu.externaltools.gnu-tools-for-stm32.9-2020-q2-update.win32_2.0.0.202105311346/tools/bin/../lib/gcc/arm-none-eabi/9.3.1/../../../../arm-none-eabi/lib/thumb/v7-m/nofp\libc_nano.a(lib_a-malloc.o)
 .debug_frame   0x00000000000038b8       0x20 c:/st/stm32cubeide_1.7.0/stm32cubeide/plugins/com.st.stm32cube.ide.mcu.externaltools.gnu-tools-for-stm32.9-2020-q2-update.win32_2.0.0.202105311346/tools/bin/../lib/gcc/arm-none-eabi/9.3.1/../../../../arm-none-eabi/lib/thumb/v7-m/nofp\libc_nano.a(lib_a-memset.o)